Archive member included to satisfy reference by file (symbol)

c:/st/stm32cubeide_1.4.0/stm32cubeide/plugins/com.st.stm32cube.ide.mcu.externaltools.gnu-tools-for-stm32.7-2018-q2-update.win32_1.5.0.202011040924/tools/bin/../lib/gcc/arm-none-eabi/7.3.1/../../../../arm-none-eabi/lib/thumb/v7-m\libc_nano.a(lib_a-errno.o)
                              Core/Src/syscalls.o (__errno)
c:/st/stm32cubeide_1.4.0/stm32cubeide/plugins/com.st.stm32cube.ide.mcu.externaltools.gnu-tools-for-stm32.7-2018-q2-update.win32_1.5.0.202011040924/tools/bin/../lib/gcc/arm-none-eabi/7.3.1/../../../../arm-none-eabi/lib/thumb/v7-m\libc_nano.a(lib_a-exit.o)
                              c:/st/stm32cubeide_1.4.0/stm32cubeide/plugins/com.st.stm32cube.ide.mcu.externaltools.gnu-tools-for-stm32.7-2018-q2-update.win32_1.5.0.202011040924/tools/bin/../lib/gcc/arm-none-eabi/7.3.1/../../../../arm-none-eabi/lib/thumb/v7-m/crt0.o (exit)
c:/st/stm32cubeide_1.4.0/stm32cubeide/plugins/com.st.stm32cube.ide.mcu.externaltools.gnu-tools-for-stm32.7-2018-q2-update.win32_1.5.0.202011040924/tools/bin/../lib/gcc/arm-none-eabi/7.3.1/../../../../arm-none-eabi/lib/thumb/v7-m\libc_nano.a(lib_a-impure.o)
                              c:/st/stm32cubeide_1.4.0/stm32cubeide/plugins/com.st.stm32cube.ide.mcu.externaltools.gnu-tools-for-stm32.7-2018-q2-update.win32_1.5.0.202011040924/tools/bin/../lib/gcc/arm-none-eabi/7.3.1/../../../../arm-none-eabi/lib/thumb/v7-m\libc_nano.a(lib_a-exit.o) (_global_impure_ptr)
c:/st/stm32cubeide_1.4.0/stm32cubeide/plugins/com.st.stm32cube.ide.mcu.externaltools.gnu-tools-for-stm32.7-2018-q2-update.win32_1.5.0.202011040924/tools/bin/../lib/gcc/arm-none-eabi/7.3.1/../../../../arm-none-eabi/lib/thumb/v7-m\libc_nano.a(lib_a-init.o)
                              c:/st/stm32cubeide_1.4.0/stm32cubeide/plugins/com.st.stm32cube.ide.mcu.externaltools.gnu-tools-for-stm32.7-2018-q2-update.win32_1.5.0.202011040924/tools/bin/../lib/gcc/arm-none-eabi/7.3.1/../../../../arm-none-eabi/lib/thumb/v7-m/crt0.o (__libc_init_array)
c:/st/stm32cubeide_1.4.0/stm32cubeide/plugins/com.st.stm32cube.ide.mcu.externaltools.gnu-tools-for-stm32.7-2018-q2-update.win32_1.5.0.202011040924/tools/bin/../lib/gcc/arm-none-eabi/7.3.1/../../../../arm-none-eabi/lib/thumb/v7-m\libc_nano.a(lib_a-malloc.o)
                              Core/Src/scheduler.o (malloc)
c:/st/stm32cubeide_1.4.0/stm32cubeide/plugins/com.st.stm32cube.ide.mcu.externaltools.gnu-tools-for-stm32.7-2018-q2-update.win32_1.5.0.202011040924/tools/bin/../lib/gcc/arm-none-eabi/7.3.1/../../../../arm-none-eabi/lib/thumb/v7-m\libc_nano.a(lib_a-memset.o)
                              c:/st/stm32cubeide_1.4.0/stm32cubeide/plugins/com.st.stm32cube.ide.mcu.externaltools.gnu-tools-for-stm32.7-2018-q2-update.win32_1.5.0.202011040924/tools/bin/../lib/gcc/arm-none-eabi/7.3.1/../../../../arm-none-eabi/lib/thumb/v7-m/crt0.o (memset)
c:/st/stm32cubeide_1.4.0/stm32cubeide/plugins/com.st.stm32cube.ide.mcu.externaltools.gnu-tools-for-stm32.7-2018-q2-update.win32_1.5.0.202011040924/tools/bin/../lib/gcc/arm-none-eabi/7.3.1/../../../../arm-none-eabi/lib/thumb/v7-m\libc_nano.a(lib_a-nano-freer.o)
                              c:/st/stm32cubeide_1.4.0/stm32cubeide/plugins/com.st.stm32cube.ide.mcu.externaltools.gnu-tools-for-stm32.7-2018-q2-update.win32_1.5.0.202011040924/tools/bin/../lib/gcc/arm-none-eabi/7.3.1/../../../../arm-none-eabi/lib/thumb/v7-m\libc_nano.a(lib_a-malloc.o) (_free_r)
c:/st/stm32cubeide_1.4.0/stm32cubeide/plugins/com.st.stm32cube.ide.mcu.externaltools.gnu-tools-for-stm32.7-2018-q2-update.win32_1.5.0.202011040924/tools/bin/../lib/gcc/arm-none-eabi/7.3.1/../../../../arm-none-eabi/lib/thumb/v7-m\libc_nano.a(lib_a-nano-mallocr.o)
                              c:/st/stm32cubeide_1.4.0/stm32cubeide/plugins/com.st.stm32cube.ide.mcu.externaltools.gnu-tools-for-stm32.7-2018-q2-update.win32_1.5.0.202011040924/tools/bin/../lib/gcc/arm-none-eabi/7.3.1/../../../../arm-none-eabi/lib/thumb/v7-m\libc_nano.a(lib_a-malloc.o) (_malloc_r)
c:/st/stm32cubeide_1.4.0/stm32cubeide/plugins/com.st.stm32cube.ide.mcu.externaltools.gnu-tools-for-stm32.7-2018-q2-update.win32_1.5.0.202011040924/tools/bin/../lib/gcc/arm-none-eabi/7.3.1/../../../../arm-none-eabi/lib/thumb/v7-m\libc_nano.a(lib_a-sbrkr.o)
                              c:/st/stm32cubeide_1.4.0/stm32cubeide/plugins/com.st.stm32cube.ide.mcu.externaltools.gnu-tools-for-stm32.7-2018-q2-update.win32_1.5.0.202011040924/tools/bin/../lib/gcc/arm-none-eabi/7.3.1/../../../../arm-none-eabi/lib/thumb/v7-m\libc_nano.a(lib_a-nano-mallocr.o) (_sbrk_r)
c:/st/stm32cubeide_1.4.0/stm32cubeide/plugins/com.st.stm32cube.ide.mcu.externaltools.gnu-tools-for-stm32.7-2018-q2-update.win32_1.5.0.202011040924/tools/bin/../lib/gcc/arm-none-eabi/7.3.1/../../../../arm-none-eabi/lib/thumb/v7-m\libc_nano.a(lib_a-sprintf.o)
                              Core/Src/main.o (sprintf)
[...]
Memory Configuration

Name             Origin             Length             Attributes
RAM              0x0000000020000000 0x0000000000005000 xrw
FLASH            0x0000000008000000 0x0000000000020000 xr
*default*        0x0000000000000000 0xffffffffffffffff

Linker script and memory map

LOAD c:/st/stm32cubeide_1.4.0/stm32cubeide/plugins/com.st.stm32cube.ide.mcu.externaltools.gnu-tools-for-stm32.7-2018-q2-update.win32_1.5.0.202011040924/tools/bin/../lib/gcc/arm-none-eabi/7.3.1/thumb/v7-m/crti.o
LOAD c:/st/stm32cubeide_1.4.0/stm32cubeide/plugins/com.st.stm32cube.ide.mcu.externaltools.gnu-tools-for-stm32.7-2018-q2-update.win32_1.5.0.202011040924/tools/bin/../lib/gcc/arm-none-eabi/7.3.1/thumb/v7-m/crtbegin.o
LOAD c:/st/stm32cubeide_1.4.0/stm32cubeide/plugins/com.st.stm32cube.ide.mcu.externaltools.gnu-tools-for-stm32.7-2018-q2-update.win32_1.5.0.202011040924/tools/bin/../lib/gcc/arm-none-eabi/7.3.1/../../../../arm-none-eabi/lib/thumb/v7-m/crt0.o
LOAD Core/Src/DHT11.o
LOAD Core/Src/button.o
LOAD Core/Src/fan.o
LOAD Core/Src/heator.o
LOAD Core/Src/heatpump.o
LOAD Core/Src/i2c-lcd.o
LOAD Core/Src/main.o
LOAD Core/Src/scheduler.o
LOAD Core/Src/stm32f1xx_hal_msp.o
LOAD Core/Src/stm32f1xx_it.o
LOAD Core/Src/syscalls.o
LOAD Core/Src/sysmem.o
LOAD Core/Src/system_stm32f1xx.o
LOAD Core/Startup/startup_stm32f103rbtx.o
LOAD Drivers/STM32F1xx_HAL_Driver/Src/stm32f1xx_hal.o
LOAD Drivers/STM32F1xx_HAL_Driver/Src/stm32f1xx_hal_cortex.o
LOAD Drivers/STM32F1xx_HAL_Driver/Src/stm32f1xx_hal_dma.o
LOAD Drivers/STM32F1xx_HAL_Driver/Src/stm32f1xx_hal_exti.o
LOAD Drivers/STM32F1xx_HAL_Driver/Src/stm32f1xx_hal_flash.o
LOAD Drivers/STM32F1xx_HAL_Driver/Src/stm32f1xx_hal_flash_ex.o
LOAD Drivers/STM32F1xx_HAL_Driver/Src/stm32f1xx_hal_gpio.o
LOAD Drivers/STM32F1xx_HAL_Driver/Src/stm32f1xx_hal_gpio_ex.o
LOAD Drivers/STM32F1xx_HAL_Driver/Src/stm32f1xx_hal_i2c.o
LOAD Drivers/STM32F1xx_HAL_Driver/Src/stm32f1xx_hal_pwr.o
LOAD Drivers/STM32F1xx_HAL_Driver/Src/stm32f1xx_hal_rcc.o
LOAD Drivers/STM32F1xx_HAL_Driver/Src/stm32f1xx_hal_rcc_ex.o
LOAD Drivers/STM32F1xx_HAL_Driver/Src/stm32f1xx_hal_tim.o
LOAD Drivers/STM32F1xx_HAL_Driver/Src/stm32f1xx_hal_tim_ex.o
LOAD Drivers/STM32F1xx_HAL_Driver/Src/stm32f1xx_hal_uart.o
START GROUP
LOAD c:/st/stm32cubeide_1.4.0/stm32cubeide/plugins/com.st.stm32cube.ide.mcu.externaltools.gnu-tools-for-stm32.7-2018-q2-update.win32_1.5.0.202011040924/tools/bin/../lib/gcc/arm-none-eabi/7.3.1/../../../../arm-none-eabi/lib/thumb/v7-m\libc_nano.a
LOAD c:/st/stm32cubeide_1.4.0/stm32cubeide/plugins/com.st.stm32cube.ide.mcu.externaltools.gnu-tools-for-stm32.7-2018-q2-update.win32_1.5.0.202011040924/tools/bin/../lib/gcc/arm-none-eabi/7.3.1/../../../../arm-none-eabi/lib/thumb/v7-m\libm.a
END GROUP
START GROUP
LOAD c:/st/stm32cubeide_1.4.0/stm32cubeide/plugins/com.st.stm32cube.ide.mcu.externaltools.gnu-tools-for-stm32.7-2018-q2-update.win32_1.5.0.202011040924/tools/bin/../lib/gcc/arm-none-eabi/7.3.1/thumb/v7-m\libgcc.a
LOAD c:/st/stm32cubeide_1.4.0/stm32cubeide/plugins/com.st.stm32cube.ide.mcu.externaltools.gnu-tools-for-stm32.7-2018-q2-update.win32_1.5.0.202011040924/tools/bin/../lib/gcc/arm-none-eabi/7.3.1/../../../../arm-none-eabi/lib/thumb/v7-m\libc_nano.a
END GROUP
START GROUP
LOAD c:/st/stm32cubeide_1.4.0/stm32cubeide/plugins/com.st.stm32cube.ide.mcu.externaltools.gnu-tools-for-stm32.7-2018-q2-update.win32_1.5.0.202011040924/tools/bin/../lib/gcc/arm-none-eabi/7.3.1/thumb/v7-m\libgcc.a
LOAD c:/st/stm32cubeide_1.4.0/stm32cubeide/plugins/com.st.stm32cube.ide.mcu.externaltools.gnu-tools-for-stm32.7-2018-q2-update.win32_1.5.0.202011040924/tools/bin/../lib/gcc/arm-none-eabi/7.3.1/../../../../arm-none-eabi/lib/thumb/v7-m\libc_nano.a
LOAD c:/st/stm32cubeide_1.4.0/stm32cubeide/plugins/com.st.stm32cube.ide.mcu.externaltools.gnu-tools-for-stm32.7-2018-q2-update.win32_1.5.0.202011040924/tools/bin/../lib/gcc/arm-none-eabi/7.3.1/../../../../arm-none-eabi/lib/thumb/v7-m\libnosys.a
END GROUP
START GROUP
LOAD c:/st/stm32cubeide_1.4.0/stm32cubeide/plugins/com.st.stm32cube.ide.mcu.externaltools.gnu-tools-for-stm32.7-2018-q2-update.win32_1.5.0.202011040924/tools/bin/../lib/gcc/arm-none-eabi/7.3.1/thumb/v7-m\libgcc.a
LOAD c:/st/stm32cubeide_1.4.0/stm32cubeide/plugins/com.st.stm32cube.ide.mcu.externaltools.gnu-tools-for-stm32.7-2018-q2-update.win32_1.5.0.202011040924/tools/bin/../lib/gcc/arm-none-eabi/7.3.1/../../../../arm-none-eabi/lib/thumb/v7-m\libc_nano.a
LOAD c:/st/stm32cubeide_1.4.0/stm32cubeide/plugins/com.st.stm32cube.ide.mcu.externaltools.gnu-tools-for-stm32.7-2018-q2-update.win32_1.5.0.202011040924/tools/bin/../lib/gcc/arm-none-eabi/7.3.1/../../../../arm-none-eabi/lib/thumb/v7-m\libnosys.a
END GROUP
LOAD c:/st/stm32cubeide_1.4.0/stm32cubeide/plugins/com.st.stm32cube.ide.mcu.externaltools.gnu-tools-for-stm32.7-2018-q2-update.win32_1.5.0.202011040924/tools/bin/../lib/gcc/arm-none-eabi/7.3.1/thumb/v7-m/crtend.o
LOAD c:/st/stm32cubeide_1.4.0/stm32cubeide/plugins/com.st.stm32cube.ide.mcu.externaltools.gnu-tools-for-stm32.7-2018-q2-update.win32_1.5.0.202011040924/tools/bin/../lib/gcc/arm-none-eabi/7.3.1/thumb/v7-m/crtn.o
                0x0000000020005000                _estack = (ORIGIN (RAM) + LENGTH (RAM))
                0x0000000000000200                _Min_Heap_Size = 0x200
                0x0000000000000400                _Min_Stack_Size = 0x400

.isr_vector     0x0000000008000000      0x10c
                0x0000000008000000                . = ALIGN (0x4)
 *(.isr_vector)
 .isr_vector    0x0000000008000000      0x10c Core/Startup/startup_stm32f103rbtx.o
                0x0000000008000000                g_pfnVectors
                0x000000000800010c                . = ALIGN (0x4)

.text           0x000000000800010c     0x4824
                0x000000000800010c                . = ALIGN (0x4)
 *(.text)
 .text          0x000000000800010c       0x40 c:/st/stm32cubeide_1.4.0/stm32cubeide/plugins/com.st.stm32cube.ide.mcu.externaltools.gnu-tools-for-stm32.7-2018-q2-update.win32_1.5.0.202011040924/tools/bin/../lib/gcc/arm-none-eabi/7.3.1/thumb/v7-m/crtbegin.o
 *(.text*)
 .text.delay    0x000000000800014c       0x30 Core/Src/DHT11.o
                0x000000000800014c                delay
 .text.setPinOutput
                0x000000000800017c       0x3a Core/Src/DHT11.o
                0x000000000800017c                setPinOutput
 .text.setPinInput
                0x00000000080001b6       0x3a Core/Src/DHT11.o
                0x00000000080001b6                setPinInput
 .text.startDHT11
                0x00000000080001f0       0xac Core/Src/DHT11.o
                0x00000000080001f0                startDHT11
 .text.readDHT11
                0x000000000800029c       0x68 Core/Src/DHT11.o
                0x000000000800029c                readDHT11
 .text.getDHT11Data
                0x0000000008000304       0x92 Core/Src/DHT11.o
                0x0000000008000304                getDHT11Data
 *fill*         0x0000000008000396        0x2 
 .text.readIncreaseButton
                0x0000000008000398       0x8c Core/Src/button.o
                0x0000000008000398                readIncreaseButton
 .text.buttonIncreaseValue
                0x0000000008000424       0x9c Core/Src/button.o
                0x0000000008000424                buttonIncreaseValue
 .text.readDecreaseButton
                0x00000000080004c0       0x9c Core/Src/button.o
                0x00000000080004c0                readDecreaseButton
 .text.buttonDecreaseValue
                0x000000000800055c       0xbc Core/Src/button.o
                0x000000000800055c                buttonDecreaseValue
 .text.readModeButton
                0x0000000008000618       0x50 Core/Src/button.o
                0x0000000008000618                readModeButton
 .text.buttonChangeMode
                0x0000000008000668       0x6c Core/Src/button.o
                0x0000000008000668                buttonChangeMode
 .text.readDecideButton
                0x00000000080006d4       0x50 Core/Src/button.o
                0x00000000080006d4                readDecideButton
 .text.buttonDecide
                0x0000000008000724       0x64 Core/Src/button.o
                0x0000000008000724                buttonDecide
 .text.turnOnFan1
                0x0000000008000788       0x74 Core/Src/fan.o
                0x0000000008000788                turnOnFan1
 .text.getPowerFan1
                0x00000000080007fc       0x14 Core/Src/fan.o
                0x00000000080007fc                getPowerFan1
 .text.runFan1  0x0000000008000810       0x60 Core/Src/fan.o
                0x0000000008000810                runFan1
 .text.turnOffFan1
                0x0000000008000870       0x68 Core/Src/fan.o
                0x0000000008000870                turnOffFan1
 .text.turnOnFan2
                0x00000000080008d8       0x60 Core/Src/fan.o
                0x00000000080008d8                turnOnFan2
 .text.turnOffFan2
                0x0000000008000938       0x60 Core/Src/fan.o
                0x0000000008000938                turnOffFan2
 .text.turnOnFan3
                0x0000000008000998       0x64 Core/Src/fan.o
                0x0000000008000998                turnOnFan3
 .text.turnOffFan3
                0x00000000080009fc       0x64 Core/Src/fan.o
                0x00000000080009fc                turnOffFan3
 .text.turnOnHeator
                0x0000000008000a60       0x64 Core/Src/heator.o
                0x0000000008000a60                turnOnHeator
 .text.turnOffHeator
                0x0000000008000ac4       0x64 Core/Src/heator.o
                0x0000000008000ac4                turnOffHeator
 .text.turnOnHeatpump
                0x0000000008000b28       0x64 Core/Src/heatpump.o
                0x0000000008000b28                turnOnHeatpump
 .text.turnOffHeatpump
                0x0000000008000b8c       0x64 Core/Src/heatpump.o
                0x0000000008000b8c                turnOffHeatpump
 .text.lcd_send_cmd
                0x0000000008000bf0       0x60 Core/Src/i2c-lcd.o
                0x0000000008000bf0                lcd_send_cmd
 .text.lcd_send_data
                0x0000000008000c50       0x60 Core/Src/i2c-lcd.o
                0x0000000008000c50                lcd_send_data
 .text.lcd_clear
                0x0000000008000cb0       0x2c Core/Src/i2c-lcd.o
                0x0000000008000cb0                lcd_clear
 .text.lcd_put_cur
                0x0000000008000cdc       0x3c Core/Src/i2c-lcd.o
                0x0000000008000cdc                lcd_put_cur
 .text.lcd_init
                0x0000000008000d18       0x7a Core/Src/i2c-lcd.o
                0x0000000008000d18                lcd_init
 .text.lcd_send_string
                0x0000000008000d92       0x28 Core/Src/i2c-lcd.o
                0x0000000008000d92                lcd_send_string
 *fill*         0x0000000008000dba        0x2 
 .text.prepareLCD
                0x0000000008000dbc       0x88 Core/Src/i2c-lcd.o
                0x0000000008000dbc                prepareLCD
 .text.getTempAndHumid
                0x0000000008000e44       0x4c Core/Src/main.o
                0x0000000008000e44                getTempAndHumid
 .text.displayLCD
                0x0000000008000e90       0xa4 Core/Src/main.o
                0x0000000008000e90                displayLCD
 .text.displayChangedMaxTemp
                0x0000000008000f34       0x5c Core/Src/main.o
                0x0000000008000f34                displayChangedMaxTemp
 .text.displayChangedMaxHum
                0x0000000008000f90       0x5c Core/Src/main.o
                0x0000000008000f90                displayChangedMaxHum
 .text.displayChangedPeriod
                0x0000000008000fec       0x5c Core/Src/main.o
                0x0000000008000fec                displayChangedPeriod
 .text.displayTemp
                0x0000000008001048       0x5c Core/Src/main.o
                0x0000000008001048                displayTemp
 .text.displayHumid
                0x00000000080010a4       0x5c Core/Src/main.o
                0x00000000080010a4                displayHumid
 .text.displayMode
                0x0000000008001100       0x30 Core/Src/main.o
                0x0000000008001100                displayMode
 .text.displayTimeout
                0x0000000008001130       0x30 Core/Src/main.o
                0x0000000008001130                displayTimeout
 .text.heator   0x0000000008001160       0x44 Core/Src/main.o
                0x0000000008001160                heator
 .text.heatpump
                0x00000000080011a4       0x44 Core/Src/main.o
                0x00000000080011a4                heatpump
 .text.normalRun
                0x00000000080011e8       0xd8 Core/Src/main.o
                0x00000000080011e8                normalRun
 .text.changeMode
                0x00000000080012c0      0x140 Core/Src/main.o
                0x00000000080012c0                changeMode
 .text.changeChoice
                0x0000000008001400       0x20 Core/Src/main.o
                0x0000000008001400                changeChoice
 .text.decideTempOrHumid
                0x0000000008001420       0x88 Core/Src/main.o
                0x0000000008001420                decideTempOrHumid
 .text.mainFSM  0x00000000080014a8      0x10c Core/Src/main.o
                0x00000000080014a8                mainFSM
 .text.main     0x00000000080015b4      0x104 Core/Src/main.o
                0x00000000080015b4                main
 .text.SystemClock_Config
                0x00000000080016b8       0x82 Core/Src/main.o
                0x00000000080016b8                SystemClock_Config
 *fill*         0x000000000800173a        0x2 
 .text.MX_I2C1_Init
                0x000000000800173c       0x5c Core/Src/main.o
 .text.MX_TIM1_Init
                0x0000000008001798       0xa0 Core/Src/main.o
 .text.MX_TIM3_Init
                0x0000000008001838       0x9c Core/Src/main.o
 .text.MX_USART2_UART_Init
                0x00000000080018d4       0x54 Core/Src/main.o
 .text.MX_GPIO_Init
                0x0000000008001928      0x158 Core/Src/main.o
 .text.HAL_UART_RxCpltCallback
                0x0000000008001a80       0x12 Core/Src/main.o
                0x0000000008001a80                HAL_UART_RxCpltCallback
 *fill*         0x0000000008001a92        0x2 
 .text.HAL_TIM_PeriodElapsedCallback
                0x0000000008001a94       0x48 Core/Src/main.o
                0x0000000008001a94                HAL_TIM_PeriodElapsedCallback
 .text.Error_Handler
                0x0000000008001adc        0xc Core/Src/main.o
                0x0000000008001adc                Error_Handler
 .text.schedulerInit
                0x0000000008001ae8       0x24 Core/Src/scheduler.o
                0x0000000008001ae8                schedulerInit
 .text.insertTaskFirstTime
                0x0000000008001b0c       0xc4 Core/Src/scheduler.o
                0x0000000008001b0c                insertTaskFirstTime
 .text.insertTaskBack
                0x0000000008001bd0       0xc0 Core/Src/scheduler.o
                0x0000000008001bd0                insertTaskBack
 .text.deleteFirstNode
                0x0000000008001c90       0x30 Core/Src/scheduler.o
                0x0000000008001c90                deleteFirstNode
 .text.dispatchTask
                0x0000000008001cc0       0x5c Core/Src/scheduler.o
                0x0000000008001cc0                dispatchTask
 .text.updateTask
                0x0000000008001d1c       0x48 Core/Src/scheduler.o
                0x0000000008001d1c                updateTask
 .text.deleteAllTask
                0x0000000008001d64       0x1c Core/Src/scheduler.o
                0x0000000008001d64                deleteAllTask
 .text.HAL_MspInit
                0x0000000008001d80       0x64 Core/Src/stm32f1xx_hal_msp.o
                0x0000000008001d80                HAL_MspInit
 .text.HAL_I2C_MspInit
                0x0000000008001de4       0x7c Core/Src/stm32f1xx_hal_msp.o
                0x0000000008001de4                HAL_I2C_MspInit
 .text.HAL_TIM_Base_MspInit
                0x0000000008001e60       0x74 Core/Src/stm32f1xx_hal_msp.o
                0x0000000008001e60                HAL_TIM_Base_MspInit
 .text.HAL_UART_MspInit
                0x0000000008001ed4       0x8c Core/Src/stm32f1xx_hal_msp.o
                0x0000000008001ed4                HAL_UART_MspInit
 .text.NMI_Handler
                0x0000000008001f60        0xc Core/Src/stm32f1xx_it.o
                0x0000000008001f60                NMI_Handler
 .text.HardFault_Handler
                0x0000000008001f6c        0x6 Core/Src/stm32f1xx_it.o
                0x0000000008001f6c                HardFault_Handler
 .text.MemManage_Handler
                0x0000000008001f72        0x6 Core/Src/stm32f1xx_it.o
                0x0000000008001f72                MemManage_Handler
 .text.BusFault_Handler
                0x0000000008001f78        0x6 Core/Src/stm32f1xx_it.o
                0x0000000008001f78                BusFault_Handler
 .text.UsageFault_Handler
                0x0000000008001f7e        0x6 Core/Src/stm32f1xx_it.o
                0x0000000008001f7e                UsageFault_Handler
 .text.SVC_Handler
                0x0000000008001f84        0xc Core/Src/stm32f1xx_it.o
                0x0000000008001f84                SVC_Handler
 .text.DebugMon_Handler
                0x0000000008001f90        0xc Core/Src/stm32f1xx_it.o
                0x0000000008001f90                DebugMon_Handler
 .text.PendSV_Handler
                0x0000000008001f9c        0xc Core/Src/stm32f1xx_it.o
                0x0000000008001f9c                PendSV_Handler
 .text.SysTick_Handler
                0x0000000008001fa8        0xc Core/Src/stm32f1xx_it.o
                0x0000000008001fa8                SysTick_Handler
 .text.TIM3_IRQHandler
                0x0000000008001fb4       0x14 Core/Src/stm32f1xx_it.o
                0x0000000008001fb4                TIM3_IRQHandler
 .text.USART2_IRQHandler
                0x0000000008001fc8       0x14 Core/Src/stm32f1xx_it.o
                0x0000000008001fc8                USART2_IRQHandler
 .text._sbrk    0x0000000008001fdc       0x6c Core/Src/sysmem.o
                0x0000000008001fdc                _sbrk
 .text.SystemInit
                0x0000000008002048        0xc Core/Src/system_stm32f1xx.o
                0x0000000008002048                SystemInit
 .text.Reset_Handler
                0x0000000008002054       0x48 Core/Startup/startup_stm32f103rbtx.o
                0x0000000008002054                Reset_Handler
 .text.Default_Handler
                0x000000000800209c        0x2 Core/Startup/startup_stm32f103rbtx.o
                0x000000000800209c                RTC_Alarm_IRQHandler
                0x000000000800209c                EXTI2_IRQHandler
                0x000000000800209c                TIM1_CC_IRQHandler
                0x000000000800209c                PVD_IRQHandler
                0x000000000800209c                EXTI3_IRQHandler
                0x000000000800209c                EXTI0_IRQHandler
                0x000000000800209c                I2C2_EV_IRQHandler
                0x000000000800209c                ADC1_2_IRQHandler
                0x000000000800209c                SPI1_IRQHandler
                0x000000000800209c                TAMPER_IRQHandler
                0x000000000800209c                DMA1_Channel4_IRQHandler
                0x000000000800209c                USART3_IRQHandler
                0x000000000800209c                RTC_IRQHandler
                0x000000000800209c                DMA1_Channel7_IRQHandler
                0x000000000800209c                CAN1_RX1_IRQHandler
                0x000000000800209c                TIM4_IRQHandler
                0x000000000800209c                I2C1_EV_IRQHandler
                0x000000000800209c                DMA1_Channel6_IRQHandler
                0x000000000800209c                RCC_IRQHandler
                0x000000000800209c                TIM1_TRG_COM_IRQHandler
                0x000000000800209c                DMA1_Channel1_IRQHandler
                0x000000000800209c                Default_Handler
                0x000000000800209c                EXTI15_10_IRQHandler
                0x000000000800209c                EXTI9_5_IRQHandler
                0x000000000800209c                SPI2_IRQHandler
                0x000000000800209c                DMA1_Channel5_IRQHandler
                0x000000000800209c                EXTI4_IRQHandler
                0x000000000800209c                USB_LP_CAN1_RX0_IRQHandler
                0x000000000800209c                USB_HP_CAN1_TX_IRQHandler
                0x000000000800209c                DMA1_Channel3_IRQHandler
                0x000000000800209c                TIM1_UP_IRQHandler
                0x000000000800209c                WWDG_IRQHandler
                0x000000000800209c                TIM2_IRQHandler
                0x000000000800209c                TIM1_BRK_IRQHandler
                0x000000000800209c                EXTI1_IRQHandler
                0x000000000800209c                I2C2_ER_IRQHandler
                0x000000000800209c                DMA1_Channel2_IRQHandler
                0x000000000800209c                CAN1_SCE_IRQHandler
                0x000000000800209c                FLASH_IRQHandler
                0x000000000800209c                USART1_IRQHandler
                0x000000000800209c                I2C1_ER_IRQHandler
                0x000000000800209c                USBWakeUp_IRQHandler
 *fill*         0x000000000800209e        0x2 
 .text.HAL_Init
                0x00000000080020a0       0x2c Drivers/STM32F1xx_HAL_Driver/Src/stm32f1xx_hal.o
                0x00000000080020a0                HAL_Init
 .text.HAL_InitTick
                0x00000000080020cc       0x60 Drivers/STM32F1xx_HAL_Driver/Src/stm32f1xx_hal.o
                0x00000000080020cc                HAL_InitTick
 .text.HAL_IncTick
                0x000000000800212c       0x24 Drivers/STM32F1xx_HAL_Driver/Src/stm32f1xx_hal.o
                0x000000000800212c                HAL_IncTick
 .text.HAL_GetTick
                0x0000000008002150       0x14 Drivers/STM32F1xx_HAL_Driver/Src/stm32f1xx_hal.o
                0x0000000008002150                HAL_GetTick
 .text.HAL_Delay
                0x0000000008002164       0x44 Drivers/STM32F1xx_HAL_Driver/Src/stm32f1xx_hal.o
                0x0000000008002164                HAL_Delay
 .text.__NVIC_SetPriorityGrouping
                0x00000000080021a8       0x48 Drivers/STM32F1xx_HAL_Driver/Src/stm32f1xx_hal_cortex.o
 .text.__NVIC_GetPriorityGrouping
                0x00000000080021f0       0x1c Drivers/STM32F1xx_HAL_Driver/Src/stm32f1xx_hal_cortex.o
 .text.__NVIC_EnableIRQ
                0x000000000800220c       0x38 Drivers/STM32F1xx_HAL_Driver/Src/stm32f1xx_hal_cortex.o
 .text.__NVIC_SetPriority
                0x0000000008002244       0x54 Drivers/STM32F1xx_HAL_Driver/Src/stm32f1xx_hal_cortex.o
 .text.NVIC_EncodePriority
                0x0000000008002298       0x64 Drivers/STM32F1xx_HAL_Driver/Src/stm32f1xx_hal_cortex.o
 .text.SysTick_Config
                0x00000000080022fc       0x44 Drivers/STM32F1xx_HAL_Driver/Src/stm32f1xx_hal_cortex.o
 .text.HAL_NVIC_SetPriorityGrouping
                0x0000000008002340       0x16 Drivers/STM32F1xx_HAL_Driver/Src/stm32f1xx_hal_cortex.o
                0x0000000008002340                HAL_NVIC_SetPriorityGrouping
 .text.HAL_NVIC_SetPriority
                0x0000000008002356       0x38 Drivers/STM32F1xx_HAL_Driver/Src/stm32f1xx_hal_cortex.o
                0x0000000008002356                HAL_NVIC_SetPriority
 .text.HAL_NVIC_EnableIRQ
                0x000000000800238e       0x1c Drivers/STM32F1xx_HAL_Driver/Src/stm32f1xx_hal_cortex.o
                0x000000000800238e                HAL_NVIC_EnableIRQ
 .text.HAL_SYSTICK_Config
                0x00000000080023aa       0x18 Drivers/STM32F1xx_HAL_Driver/Src/stm32f1xx_hal_cortex.o
                0x00000000080023aa                HAL_SYSTICK_Config
 *fill*         0x00000000080023c2        0x2 
 .text.HAL_DMA_Abort_IT
                0x00000000080023c4       0xec Drivers/STM32F1xx_HAL_Driver/Src/stm32f1xx_hal_dma.o
                0x00000000080023c4                HAL_DMA_Abort_IT
 .text.HAL_GPIO_Init
                0x00000000080024b0      0x2b4 Drivers/STM32F1xx_HAL_Driver/Src/stm32f1xx_hal_gpio.o
                0x00000000080024b0                HAL_GPIO_Init
 .text.HAL_GPIO_ReadPin
                0x0000000008002764       0x2e Drivers/STM32F1xx_HAL_Driver/Src/stm32f1xx_hal_gpio.o
                0x0000000008002764                HAL_GPIO_ReadPin
 .text.HAL_GPIO_WritePin
                0x0000000008002792       0x30 Drivers/STM32F1xx_HAL_Driver/Src/stm32f1xx_hal_gpio.o
                0x0000000008002792                HAL_GPIO_WritePin
 .text.HAL_GPIO_TogglePin
                0x00000000080027c2       0x32 Drivers/STM32F1xx_HAL_Driver/Src/stm32f1xx_hal_gpio.o
                0x00000000080027c2                HAL_GPIO_TogglePin
 .text.HAL_I2C_Init
                0x00000000080027f4      0x270 Drivers/STM32F1xx_HAL_Driver/Src/stm32f1xx_hal_i2c.o
                0x00000000080027f4                HAL_I2C_Init
 .text.HAL_I2C_Master_Transmit
                0x0000000008002a64      0x1fc Drivers/STM32F1xx_HAL_Driver/Src/stm32f1xx_hal_i2c.o
                0x0000000008002a64                HAL_I2C_Master_Transmit
 .text.I2C_MasterRequestWrite
                0x0000000008002c60      0x104 Drivers/STM32F1xx_HAL_Driver/Src/stm32f1xx_hal_i2c.o
 .text.I2C_WaitOnFlagUntilTimeout
                0x0000000008002d64       0xae Drivers/STM32F1xx_HAL_Driver/Src/stm32f1xx_hal_i2c.o
 .text.I2C_WaitOnMasterAddressFlagUntilTimeout
                0x0000000008002e12       0xfe Drivers/STM32F1xx_HAL_Driver/Src/stm32f1xx_hal_i2c.o
 .text.I2C_WaitOnTXEFlagUntilTimeout
                0x0000000008002f10       0x82 Drivers/STM32F1xx_HAL_Driver/Src/stm32f1xx_hal_i2c.o
 .text.I2C_WaitOnBTFFlagUntilTimeout
                0x0000000008002f92       0x82 Drivers/STM32F1xx_HAL_Driver/Src/stm32f1xx_hal_i2c.o
 .text.I2C_IsAcknowledgeFailed
                0x0000000008003014       0x5c Drivers/STM32F1xx_HAL_Driver/Src/stm32f1xx_hal_i2c.o
 .text.HAL_RCC_OscConfig
                0x0000000008003070      0x500 Drivers/STM32F1xx_HAL_Driver/Src/stm32f1xx_hal_rcc.o
                0x0000000008003070                HAL_RCC_OscConfig
 .text.HAL_RCC_ClockConfig
                0x0000000008003570      0x1d4 Drivers/STM32F1xx_HAL_Driver/Src/stm32f1xx_hal_rcc.o
                0x0000000008003570                HAL_RCC_ClockConfig
 .text.HAL_RCC_GetSysClockFreq
                0x0000000008003744       0xc4 Drivers/STM32F1xx_HAL_Driver/Src/stm32f1xx_hal_rcc.o
                0x0000000008003744                HAL_RCC_GetSysClockFreq
 .text.HAL_RCC_GetHCLKFreq
                0x0000000008003808       0x14 Drivers/STM32F1xx_HAL_Driver/Src/stm32f1xx_hal_rcc.o
                0x0000000008003808                HAL_RCC_GetHCLKFreq
 .text.HAL_RCC_GetPCLK1Freq
                0x000000000800381c       0x28 Drivers/STM32F1xx_HAL_Driver/Src/stm32f1xx_hal_rcc.o
                0x000000000800381c                HAL_RCC_GetPCLK1Freq
 .text.HAL_RCC_GetPCLK2Freq
                0x0000000008003844       0x28 Drivers/STM32F1xx_HAL_Driver/Src/stm32f1xx_hal_rcc.o
                0x0000000008003844                HAL_RCC_GetPCLK2Freq
 .text.RCC_Delay
                0x000000000800386c       0x3c Drivers/STM32F1xx_HAL_Driver/Src/stm32f1xx_hal_rcc.o
 .text.HAL_TIM_Base_Init
                0x00000000080038a8       0x9e Drivers/STM32F1xx_HAL_Driver/Src/stm32f1xx_hal_tim.o
                0x00000000080038a8                HAL_TIM_Base_Init
 *fill*         0x0000000008003946        0x2 
 .text.HAL_TIM_Base_Start
                0x0000000008003948       0x94 Drivers/STM32F1xx_HAL_Driver/Src/stm32f1xx_hal_tim.o
                0x0000000008003948                HAL_TIM_Base_Start
 .text.HAL_TIM_Base_Start_IT
                0x00000000080039dc       0xa4 Drivers/STM32F1xx_HAL_Driver/Src/stm32f1xx_hal_tim.o
                0x00000000080039dc                HAL_TIM_Base_Start_IT
 .text.HAL_TIM_IRQHandler
                0x0000000008003a80      0x210 Drivers/STM32F1xx_HAL_Driver/Src/stm32f1xx_hal_tim.o
                0x0000000008003a80                HAL_TIM_IRQHandler
 .text.HAL_TIM_ConfigClockSource
                0x0000000008003c90      0x16e Drivers/STM32F1xx_HAL_Driver/Src/stm32f1xx_hal_tim.o
                0x0000000008003c90                HAL_TIM_ConfigClockSource
 .text.HAL_TIM_OC_DelayElapsedCallback
                0x0000000008003dfe       0x12 Drivers/STM32F1xx_HAL_Driver/Src/stm32f1xx_hal_tim.o
                0x0000000008003dfe                HAL_TIM_OC_DelayElapsedCallback
 .text.HAL_TIM_IC_CaptureCallback
                0x0000000008003e10       0x12 Drivers/STM32F1xx_HAL_Driver/Src/stm32f1xx_hal_tim.o
                0x0000000008003e10                HAL_TIM_IC_CaptureCallback
 .text.HAL_TIM_PWM_PulseFinishedCallback
                0x0000000008003e22       0x12 Drivers/STM32F1xx_HAL_Driver/Src/stm32f1xx_hal_tim.o
                0x0000000008003e22                HAL_TIM_PWM_PulseFinishedCallback
 .text.HAL_TIM_TriggerCallback
                0x0000000008003e34       0x12 Drivers/STM32F1xx_HAL_Driver/Src/stm32f1xx_hal_tim.o
                0x0000000008003e34                HAL_TIM_TriggerCallback
 *fill*         0x0000000008003e46        0x2 
 .text.TIM_Base_SetConfig
                0x0000000008003e48       0xc4 Drivers/STM32F1xx_HAL_Driver/Src/stm32f1xx_hal_tim.o
                0x0000000008003e48                TIM_Base_SetConfig
 .text.TIM_TI1_ConfigInputStage
                0x0000000008003f0c       0x5c Drivers/STM32F1xx_HAL_Driver/Src/stm32f1xx_hal_tim.o
 .text.TIM_TI2_ConfigInputStage
                0x0000000008003f68       0x5e Drivers/STM32F1xx_HAL_Driver/Src/stm32f1xx_hal_tim.o
 .text.TIM_ITRx_SetConfig
                0x0000000008003fc6       0x34 Drivers/STM32F1xx_HAL_Driver/Src/stm32f1xx_hal_tim.o
 .text.TIM_ETR_SetConfig
                0x0000000008003ffa       0x3e Drivers/STM32F1xx_HAL_Driver/Src/stm32f1xx_hal_tim.o
                0x0000000008003ffa                TIM_ETR_SetConfig
 .text.HAL_TIMEx_MasterConfigSynchronization
                0x0000000008004038       0xbc Drivers/STM32F1xx_HAL_Driver/Src/stm32f1xx_hal_tim_ex.o
                0x0000000008004038                HAL_TIMEx_MasterConfigSynchronization
 .text.HAL_TIMEx_CommutCallback
                0x00000000080040f4       0x12 Drivers/STM32F1xx_HAL_Driver/Src/stm32f1xx_hal_tim_ex.o
                0x00000000080040f4                HAL_TIMEx_CommutCallback
 .text.HAL_TIMEx_BreakCallback
                0x0000000008004106       0x12 Drivers/STM32F1xx_HAL_Driver/Src/stm32f1xx_hal_tim_ex.o
                0x0000000008004106                HAL_TIMEx_BreakCallback
 .text.HAL_UART_Init
                0x0000000008004118       0x9a Drivers/STM32F1xx_HAL_Driver/Src/stm32f1xx_hal_uart.o
                0x0000000008004118                HAL_UART_Init
 *fill*         0x00000000080041b2        0x2 
 .text.HAL_UART_IRQHandler
                0x00000000080041b4      0x200 Drivers/STM32F1xx_HAL_Driver/Src/stm32f1xx_hal_uart.o
                0x00000000080041b4                HAL_UART_IRQHandler
 .text.HAL_UART_TxCpltCallback
                0x00000000080043b4       0x12 Drivers/STM32F1xx_HAL_Driver/Src/stm32f1xx_hal_uart.o
                0x00000000080043b4                HAL_UART_TxCpltCallback
 .text.HAL_UART_ErrorCallback
                0x00000000080043c6       0x12 Drivers/STM32F1xx_HAL_Driver/Src/stm32f1xx_hal_uart.o
                0x00000000080043c6                HAL_UART_ErrorCallback
 .text.UART_EndRxTransfer
                0x00000000080043d8       0x3a Drivers/STM32F1xx_HAL_Driver/Src/stm32f1xx_hal_uart.o
 .text.UART_DMAAbortOnError
                0x0000000008004412       0x28 Drivers/STM32F1xx_HAL_Driver/Src/stm32f1xx_hal_uart.o
 .text.UART_Transmit_IT
                0x000000000800443a       0x9e Drivers/STM32F1xx_HAL_Driver/Src/stm32f1xx_hal_uart.o
 .text.UART_EndTransmit_IT
                0x00000000080044d8       0x30 Drivers/STM32F1xx_HAL_Driver/Src/stm32f1xx_hal_uart.o
 .text.UART_Receive_IT
                0x0000000008004508      0x100 Drivers/STM32F1xx_HAL_Driver/Src/stm32f1xx_hal_uart.o
 .text.UART_SetConfig
                0x0000000008004608      0x11c Drivers/STM32F1xx_HAL_Driver/Src/stm32f1xx_hal_uart.o
 .text.__errno  0x0000000008004724        0xc c:/st/stm32cubeide_1.4.0/stm32cubeide/plugins/com.st.stm32cube.ide.mcu.externaltools.gnu-tools-for-stm32.7-2018-q2-update.win32_1.5.0.202011040924/tools/bin/../lib/gcc/arm-none-eabi/7.3.1/../../../../arm-none-eabi/lib/thumb/v7-m\libc_nano.a(lib_a-errno.o)
                0x0000000008004724                __errno
 .text.__libc_init_array
                0x0000000008004730       0x48 c:/st/stm32cubeide_1.4.0/stm32cubeide/plugins/com.st.stm32cube.ide.mcu.externaltools.gnu-tools-for-stm32.7-2018-q2-update.win32_1.5.0.202011040924/tools/bin/../lib/gcc/arm-none-eabi/7.3.1/../../../../arm-none-eabi/lib/thumb/v7-m\libc_nano.a(lib_a-init.o)
                0x0000000008004730                __libc_init_array
 .text.malloc   0x0000000008004778       0x10 c:/st/stm32cubeide_1.4.0/stm32cubeide/plugins/com.st.stm32cube.ide.mcu.externaltools.gnu-tools-for-stm32.7-2018-q2-update.win32_1.5.0.202011040924/tools/bin/../lib/gcc/arm-none-eabi/7.3.1/../../../../arm-none-eabi/lib/thumb/v7-m\libc_nano.a(lib_a-malloc.o)
                0x0000000008004778                malloc
 .text.free     0x0000000008004788       0x10 c:/st/stm32cubeide_1.4.0/stm32cubeide/plugins/com.st.stm32cube.ide.mcu.externaltools.gnu-tools-for-stm32.7-2018-q2-update.win32_1.5.0.202011040924/tools/bin/../lib/gcc/arm-none-eabi/7.3.1/../../../../arm-none-eabi/lib/thumb/v7-m\libc_nano.a(lib_a-malloc.o)
                0x0000000008004788                free
 .text.memset   0x0000000008004798       0x10 c:/st/stm32cubeide_1.4.0/stm32cubeide/plugins/com.st.stm32cube.ide.mcu.externaltools.gnu-tools-for-stm32.7-2018-q2-update.win32_1.5.0.202011040924/tools/bin/../lib/gcc/arm-none-eabi/7.3.1/../../../../arm-none-eabi/lib/thumb/v7-m\libc_nano.a(lib_a-memset.o)
                0x0000000008004798                memset
 .text._free_r  0x00000000080047a8       0x98 c:/st/stm32cubeide_1.4.0/stm32cubeide/plugins/com.st.stm32cube.ide.mcu.externaltools.gnu-tools-for-stm32.7-2018-q2-update.win32_1.5.0.202011040924/tools/bin/../lib/gcc/arm-none-eabi/7.3.1/../../../../arm-none-eabi/lib/thumb/v7-m\libc_nano.a(lib_a-nano-freer.o)
                0x00000000080047a8                _free_r
 .text._malloc_r
                0x0000000008004840       0xb4 c:/st/stm32cubeide_1.4.0/stm32cubeide/plugins/com.st.stm32cube.ide.mcu.externaltools.gnu-tools-for-stm32.7-2018-q2-update.win32_1.5.0.202011040924/tools/bin/../lib/gcc/arm-none-eabi/7.3.1/../../../../arm-none-eabi/lib/thumb/v7-m\libc_nano.a(lib_a-nano-mallocr.o)
                0x0000000008004840                _malloc_r
 .text._sbrk_r  0x00000000080048f4       0x20 c:/st/stm32cubeide_1.4.0/stm32cubeide/plugins/com.st.stm32cube.ide.mcu.externaltools.gnu-tools-for-stm32.7-2018-q2-update.win32_1.5.0.202011040924/tools/bin/../lib/gcc/arm-none-eabi/7.3.1/../../../../arm-none-eabi/lib/thumb/v7-m\libc_nano.a(lib_a-sbrkr.o)
                0x00000000080048f4                _sbrk_r
 .text.__malloc_lock
                0x0000000008004914        0x2 c:/st/stm32cubeide_1.4.0/stm32cubeide/plugins/com.st.stm32cube.ide.mcu.externaltools.gnu-tools-for-stm32.7-2018-q2-update.win32_1.5.0.202011040924/tools/bin/../lib/gcc/arm-none-eabi/7.3.1/../../../../arm-none-eabi/lib/thumb/v7-m\libc_nano.a(lib_a-mlock.o)
                0x0000000008004914                __malloc_lock
 .text.__malloc_unlock
                0x0000000008004916        0x2 c:/st/stm32cubeide_1.4.0/stm32cubeide/plugins/com.st.stm32cube.ide.mcu.externaltools.gnu-tools-for-stm32.7-2018-q2-update.win32_1.5.0.202011040924/tools/bin/../lib/gcc/arm-none-eabi/7.3.1/../../../../arm-none-eabi/lib/thumb/v7-m\libc_nano.a(lib_a-mlock.o)
                0x0000000008004916                __malloc_unlock
 *(.glue_7)
 .glue_7        0x0000000008004918        0x0 linker stubs
 *(.glue_7t)
 .glue_7t       0x0000000008004918        0x0 linker stubs
 *(.eh_frame)
 .eh_frame      0x0000000008004918        0x0 c:/st/stm32cubeide_1.4.0/stm32cubeide/plugins/com.st.stm32cube.ide.mcu.externaltools.gnu-tools-for-stm32.7-2018-q2-update.win32_1.5.0.202011040924/tools/bin/../lib/gcc/arm-none-eabi/7.3.1/thumb/v7-m/crtbegin.o
 *(.init)
 .init          0x0000000008004918        0x4 c:/st/stm32cubeide_1.4.0/stm32cubeide/plugins/com.st.stm32cube.ide.mcu.externaltools.gnu-tools-for-stm32.7-2018-q2-update.win32_1.5.0.202011040924/tools/bin/../lib/gcc/arm-none-eabi/7.3.1/thumb/v7-m/crti.o
                0x0000000008004918                _init
 .init          0x000000000800491c        0x8 c:/st/stm32cubeide_1.4.0/stm32cubeide/plugins/com.st.stm32cube.ide.mcu.externaltools.gnu-tools-for-stm32.7-2018-q2-update.win32_1.5.0.202011040924/tools/bin/../lib/gcc/arm-none-eabi/7.3.1/thumb/v7-m/crtn.o
 *(.fini)
 .fini          0x0000000008004924        0x4 c:/st/stm32cubeide_1.4.0/stm32cubeide/plugins/com.st.stm32cube.ide.mcu.externaltools.gnu-tools-for-stm32.7-2018-q2-update.win32_1.5.0.202011040924/tools/bin/../lib/gcc/arm-none-eabi/7.3.1/thumb/v7-m/crti.o
                0x0000000008004924                _fini
 .fini          0x0000000008004928        0x8 c:/st/stm32cubeide_1.4.0/stm32cubeide/plugins/com.st.stm32cube.ide.mcu.externaltools.gnu-tools-for-stm32.7-2018-q2-update.win32_1.5.0.202011040924/tools/bin/../lib/gcc/arm-none-eabi/7.3.1/thumb/v7-m/crtn.o
                0x0000000008004930                . = ALIGN (0x4)
                0x0000000008004930                _etext = .

.vfp11_veneer   0x0000000008004930        0x0
 .vfp11_veneer  0x0000000008004930        0x0 linker stubs

.v4_bx          0x0000000008004930        0x0
 .v4_bx         0x0000000008004930        0x0 linker stubs

.iplt           0x0000000008004930        0x0
 .iplt          0x0000000008004930        0x0 c:/st/stm32cubeide_1.4.0/stm32cubeide/plugins/com.st.stm32cube.ide.mcu.externaltools.gnu-tools-for-stm32.7-2018-q2-update.win32_1.5.0.202011040924/tools/bin/../lib/gcc/arm-none-eabi/7.3.1/thumb/v7-m/crtbegin.o

.rodata         0x0000000008004930       0x94
                0x0000000008004930                . = ALIGN (0x4)
 *(.rodata)
 .rodata        0x0000000008004930        0xf Core/Src/i2c-lcd.o
 *fill*         0x000000000800493f        0x1 
 .rodata        0x0000000008004940       0x56 Core/Src/main.o
 *fill*         0x0000000008004996        0x2 
 .rodata        0x0000000008004998       0x12 Drivers/STM32F1xx_HAL_Driver/Src/stm32f1xx_hal_rcc.o
 *(.rodata*)
 *fill*         0x00000000080049aa        0x2 
 .rodata.AHBPrescTable
                0x00000000080049ac       0x10 Core/Src/system_stm32f1xx.o
                0x00000000080049ac                AHBPrescTable
 .rodata.APBPrescTable
                0x00000000080049bc        0x8 Core/Src/system_stm32f1xx.o
                0x00000000080049bc                APBPrescTable
                0x00000000080049c4                . = ALIGN (0x4)

.rel.dyn        0x00000000080049c4        0x0
 .rel.iplt      0x00000000080049c4        0x0 c:/st/stm32cubeide_1.4.0/stm32cubeide/plugins/com.st.stm32cube.ide.mcu.externaltools.gnu-tools-for-stm32.7-2018-q2-update.win32_1.5.0.202011040924/tools/bin/../lib/gcc/arm-none-eabi/7.3.1/thumb/v7-m/crtbegin.o

.ARM.extab      0x00000000080049c4        0x0
                0x00000000080049c4                . = ALIGN (0x4)
 *(.ARM.extab* .gnu.linkonce.armextab.*)
                0x00000000080049c4                . = ALIGN (0x4)

.ARM            0x00000000080049c4        0x0
                0x00000000080049c4                . = ALIGN (0x4)
                0x00000000080049c4                __exidx_start = .
 *(.ARM.exidx*)
                0x00000000080049c4                __exidx_end = .
                0x00000000080049c4                . = ALIGN (0x4)

.preinit_array  0x00000000080049c4        0x0
                0x00000000080049c4                . = ALIGN (0x4)
                0x00000000080049c4                PROVIDE (__preinit_array_start = .)
 *(.preinit_array*)
                0x00000000080049c4                PROVIDE (__preinit_array_end = .)
                0x00000000080049c4                . = ALIGN (0x4)

.init_array     0x00000000080049c4        0x4
                0x00000000080049c4                . = ALIGN (0x4)
                0x00000000080049c4                PROVIDE (__init_array_start = .)
 *(SORT_BY_NAME(.init_array.*))
 *(.init_array*)
 .init_array    0x00000000080049c4        0x4 c:/st/stm32cubeide_1.4.0/stm32cubeide/plugins/com.st.stm32cube.ide.mcu.externaltools.gnu-tools-for-stm32.7-2018-q2-update.win32_1.5.0.202011040924/tools/bin/../lib/gcc/arm-none-eabi/7.3.1/thumb/v7-m/crtbegin.o
                0x00000000080049c8                PROVIDE (__init_array_end = .)
                0x00000000080049c8                . = ALIGN (0x4)

.fini_array     0x00000000080049c8        0x4
                0x00000000080049c8                . = ALIGN (0x4)
                [!provide]                        PROVIDE (__fini_array_start = .)
 *(SORT_BY_NAME(.fini_array.*))
 *(.fini_array*)
 .fini_array    0x00000000080049c8        0x4 c:/st/stm32cubeide_1.4.0/stm32cubeide/plugins/com.st.stm32cube.ide.mcu.externaltools.gnu-tools-for-stm32.7-2018-q2-update.win32_1.5.0.202011040924/tools/bin/../lib/gcc/arm-none-eabi/7.3.1/thumb/v7-m/crtbegin.o
                [!provide]                        PROVIDE (__fini_array_end = .)
                0x00000000080049cc                . = ALIGN (0x4)
                0x00000000080049cc                _sidata = LOADADDR (.data)

.data           0x0000000020000000       0x74 load address 0x00000000080049cc
                0x0000000020000000                . = ALIGN (0x4)
                0x0000000020000000                _sdata = .
 *(.data)
 *(.data*)
 .data.maxTemp  0x0000000020000000        0x1 Core/Src/main.o
                0x0000000020000000                maxTemp
 .data.maxHumid
                0x0000000020000001        0x1 Core/Src/main.o
                0x0000000020000001                maxHumid
 .data.period   0x0000000020000002        0x1 Core/Src/main.o
                0x0000000020000002                period
 *fill*         0x0000000020000003        0x1 
 .data.SystemCoreClock
                0x0000000020000004        0x4 Core/Src/system_stm32f1xx.o
                0x0000000020000004                SystemCoreClock
 .data.uwTickPrio
                0x0000000020000008        0x4 Drivers/STM32F1xx_HAL_Driver/Src/stm32f1xx_hal.o
                0x0000000020000008                uwTickPrio
 .data.uwTickFreq
                0x000000002000000c        0x1 Drivers/STM32F1xx_HAL_Driver/Src/stm32f1xx_hal.o
                0x000000002000000c                uwTickFreq
 *fill*         0x000000002000000d        0x3 
 .data._impure_ptr
                0x0000000020000010        0x4 c:/st/stm32cubeide_1.4.0/stm32cubeide/plugins/com.st.stm32cube.ide.mcu.externaltools.gnu-tools-for-stm32.7-2018-q2-update.win32_1.5.0.202011040924/tools/bin/../lib/gcc/arm-none-eabi/7.3.1/../../../../arm-none-eabi/lib/thumb/v7-m\libc_nano.a(lib_a-impure.o)
                0x0000000020000010                _impure_ptr
 .data.impure_data
                0x0000000020000014       0x60 c:/st/stm32cubeide_1.4.0/stm32cubeide/plugins/com.st.stm32cube.ide.mcu.externaltools.gnu-tools-for-stm32.7-2018-q2-update.win32_1.5.0.202011040924/tools/bin/../lib/gcc/arm-none-eabi/7.3.1/../../../../arm-none-eabi/lib/thumb/v7-m\libc_nano.a(lib_a-impure.o)
                0x0000000020000074                . = ALIGN (0x4)
                0x0000000020000074                _edata = .

.igot.plt       0x0000000020000074        0x0 load address 0x0000000008004a40
 .igot.plt      0x0000000020000074        0x0 c:/st/stm32cubeide_1.4.0/stm32cubeide/plugins/com.st.stm32cube.ide.mcu.externaltools.gnu-tools-for-stm32.7-2018-q2-update.win32_1.5.0.202011040924/tools/bin/../lib/gcc/arm-none-eabi/7.3.1/thumb/v7-m/crtbegin.o
                0x0000000020000074                . = ALIGN (0x4)

.bss            0x0000000020000074      0x190 load address 0x0000000008004a40
                0x0000000020000074                _sbss = .
                0x0000000020000074                __bss_start__ = _sbss
 *(.bss)
 .bss           0x0000000020000074       0x1c c:/st/stm32cubeide_1.4.0/stm32cubeide/plugins/com.st.stm32cube.ide.mcu.externaltools.gnu-tools-for-stm32.7-2018-q2-update.win32_1.5.0.202011040924/tools/bin/../lib/gcc/arm-none-eabi/7.3.1/thumb/v7-m/crtbegin.o
 *(.bss*)
 .bss.increaseButtonStatus
                0x0000000020000090        0x1 Core/Src/button.o
                0x0000000020000090                increaseButtonStatus
 .bss.decreaseButtonStatus
                0x0000000020000091        0x1 Core/Src/button.o
                0x0000000020000091                decreaseButtonStatus
 .bss.modeButtonStatus
                0x0000000020000092        0x1 Core/Src/button.o
                0x0000000020000092                modeButtonStatus
 .bss.decideButtonStatus
                0x0000000020000093        0x1 Core/Src/button.o
                0x0000000020000093                decideButtonStatus
 .bss.isIncBtnPressed
                0x0000000020000094        0x1 Core/Src/button.o
                0x0000000020000094                isIncBtnPressed
 .bss.isDecBtnPressed
                0x0000000020000095        0x1 Core/Src/button.o
                0x0000000020000095                isDecBtnPressed
 .bss.isModeBtnPressed
                0x0000000020000096        0x1 Core/Src/button.o
                0x0000000020000096                isModeBtnPressed
 .bss.isDecideBtnPressed
                0x0000000020000097        0x1 Core/Src/button.o
                0x0000000020000097                isDecideBtnPressed
 .bss.timeInc   0x0000000020000098        0x2 Core/Src/button.o
                0x0000000020000098                timeInc
 .bss.timeDec   0x000000002000009a        0x2 Core/Src/button.o
                0x000000002000009a                timeDec
 .bss.powerOfFan1
                0x000000002000009c        0x1 Core/Src/fan.o
                0x000000002000009c                powerOfFan1
 .bss.countFan  0x000000002000009d        0x1 Core/Src/fan.o
                0x000000002000009d                countFan
 .bss.currentMode
                0x000000002000009e        0x1 Core/Src/main.o
                0x000000002000009e                currentMode
 .bss.currentChoice
                0x000000002000009f        0x1 Core/Src/main.o
                0x000000002000009f                currentChoice
 .bss.globalTimeout
                0x00000000200000a0        0x1 Core/Src/main.o
                0x00000000200000a0                globalTimeout
 *fill*         0x00000000200000a1        0x3 
 .bss.head      0x00000000200000a4        0x4 Core/Src/scheduler.o
                0x00000000200000a4                head
 .bss.__sbrk_heap_end
                0x00000000200000a8        0x4 Core/Src/sysmem.o
 .bss.__malloc_free_list
                0x00000000200000ac        0x4 c:/st/stm32cubeide_1.4.0/stm32cubeide/plugins/com.st.stm32cube.ide.mcu.externaltools.gnu-tools-for-stm32.7-2018-q2-update.win32_1.5.0.202011040924/tools/bin/../lib/gcc/arm-none-eabi/7.3.1/../../../../arm-none-eabi/lib/thumb/v7-m\libc_nano.a(lib_a-nano-mallocr.o)
                0x00000000200000ac                __malloc_free_list
 .bss.__malloc_sbrk_start
                0x00000000200000b0        0x4 c:/st/stm32cubeide_1.4.0/stm32cubeide/plugins/com.st.stm32cube.ide.mcu.externaltools.gnu-tools-for-stm32.7-2018-q2-update.win32_1.5.0.202011040924/tools/bin/../lib/gcc/arm-none-eabi/7.3.1/../../../../arm-none-eabi/lib/thumb/v7-m\libc_nano.a(lib_a-nano-mallocr.o)
                0x00000000200000b0                __malloc_sbrk_start
 *(COMMON)
 COMMON         0x00000000200000b4       0x48 Core/Src/DHT11.o
                0x00000000200000b4                htim1
 COMMON         0x00000000200000fc        0x8 Core/Src/button.o
                0x00000000200000fc                firstReadMode
                0x00000000200000fd                firstReadInc
                0x00000000200000fe                secondReadMode
                0x00000000200000ff                secondReadInc
                0x0000000020000100                R1
                0x0000000020000101                firstReadDec
                0x0000000020000102                secondReadDec
                0x0000000020000103                R2
 COMMON         0x0000000020000104       0xf6 Core/Src/main.o
                0x0000000020000104                hi2c1
                0x0000000020000158                htim3
                0x00000000200001a0                s_humid
                0x00000000200001a1                s_humidAdjusted
                0x00000000200001a4                data
                0x00000000200001ae                adjustedPeriod
                0x00000000200001b0                result
                0x00000000200001b4                adjustedHumid
                0x00000000200001b5                adjustedTemp
                0x00000000200001b8                huart2
                0x00000000200001f8                s_tempAdjusted
                0x00000000200001f9                s_temp
 *fill*         0x00000000200001fa        0x2 
 COMMON         0x00000000200001fc        0x4 Drivers/STM32F1xx_HAL_Driver/Src/stm32f1xx_hal.o
                0x00000000200001fc                uwTick
 COMMON         0x0000000020000200        0x4 c:/st/stm32cubeide_1.4.0/stm32cubeide/plugins/com.st.stm32cube.ide.mcu.externaltools.gnu-tools-for-stm32.7-2018-q2-update.win32_1.5.0.202011040924/tools/bin/../lib/gcc/arm-none-eabi/7.3.1/../../../../arm-none-eabi/lib/thumb/v7-m\libc_nano.a(lib_a-reent.o)
                0x0000000020000200                errno
                0x0000000020000204                . = ALIGN (0x4)
                0x0000000020000204                _ebss = .
                0x0000000020000204                __bss_end__ = _ebss

._user_heap_stack
                0x0000000020000204      0x604 load address 0x0000000008004a40
                0x0000000020000208                . = ALIGN (0x8)
 *fill*         0x0000000020000204        0x4 
                [!provide]                        PROVIDE (end = .)
                0x0000000020000208                PROVIDE (_end = .)
                0x0000000020000408                . = (. + _Min_Heap_Size)
 *fill*         0x0000000020000208      0x200 
                0x0000000020000808                . = (. + _Min_Stack_Size)
 *fill*         0x0000000020000408      0x400 
                0x0000000020000808                . = ALIGN (0x8)

/DISCARD/
 libc.a(*)
 libm.a(*)
 libgcc.a(*)

.ARM.attributes
                0x0000000000000000       0x29
 *(.ARM.attributes)
 .ARM.attributes
                0x0000000000000000       0x1d c:/st/stm32cubeide_1.4.0/stm32cubeide/plugins/com.st.stm32cube.ide.mcu.externaltools.gnu-tools-for-stm32.7-2018-q2-update.win32_1.5.0.202011040924/tools/bin/../lib/gcc/arm-none-eabi/7.3.1/thumb/v7-m/crti.o
 .ARM.attributes
                0x000000000000001d       0x2d c:/st/stm32cubeide_1.4.0/stm32cubeide/plugins/com.st.stm32cube.ide.mcu.externaltools.gnu-tools-for-stm32.7-2018-q2-update.win32_1.5.0.202011040924/tools/bin/../lib/gcc/arm-none-eabi/7.3.1/thumb/v7-m/crtbegin.o
 .ARM.attributes
                0x000000000000004a       0x33 Core/Src/DHT11.o
 .ARM.attributes
                0x000000000000007d       0x33 Core/Src/button.o
 .ARM.attributes
                0x00000000000000b0       0x33 Core/Src/fan.o
 .ARM.attributes
                0x00000000000000e3       0x33 Core/Src/heator.o
 .ARM.attributes
                0x0000000000000116       0x33 Core/Src/heatpump.o
 .ARM.attributes
                0x0000000000000149       0x33 Core/Src/i2c-lcd.o
 .ARM.attributes
                0x000000000000017c       0x33 Core/Src/main.o
 .ARM.attributes
                0x00000000000001af       0x33 Core/Src/scheduler.o
 .ARM.attributes
                0x00000000000001e2       0x33 Core/Src/stm32f1xx_hal_msp.o
 .ARM.attributes
                0x0000000000000215       0x33 Core/Src/stm32f1xx_it.o
 .ARM.attributes
                0x0000000000000248       0x33 Core/Src/sysmem.o
 .ARM.attributes
                0x000000000000027b       0x33 Core/Src/system_stm32f1xx.o
 .ARM.attributes
                0x00000000000002ae       0x21 Core/Startup/startup_stm32f103rbtx.o
 .ARM.attributes
                0x00000000000002cf       0x33 Drivers/STM32F1xx_HAL_Driver/Src/stm32f1xx_hal.o
 .ARM.attributes
                0x0000000000000302       0x33 Drivers/STM32F1xx_HAL_Driver/Src/stm32f1xx_hal_cortex.o
 .ARM.attributes
                0x0000000000000335       0x33 Drivers/STM32F1xx_HAL_Driver/Src/stm32f1xx_hal_dma.o
 .ARM.attributes
                0x0000000000000368       0x33 Drivers/STM32F1xx_HAL_Driver/Src/stm32f1xx_hal_gpio.o
 .ARM.attributes
                0x000000000000039b       0x33 Drivers/STM32F1xx_HAL_Driver/Src/stm32f1xx_hal_i2c.o
 .ARM.attributes
                0x00000000000003ce       0x33 Drivers/STM32F1xx_HAL_Driver/Src/stm32f1xx_hal_rcc.o
 .ARM.attributes
                0x0000000000000401       0x33 Drivers/STM32F1xx_HAL_Driver/Src/stm32f1xx_hal_tim.o
 .ARM.attributes
                0x0000000000000434       0x33 Drivers/STM32F1xx_HAL_Driver/Src/stm32f1xx_hal_tim_ex.o
 .ARM.attributes
                0x0000000000000467       0x33 Drivers/STM32F1xx_HAL_Driver/Src/stm32f1xx_hal_uart.o
 .ARM.attributes
                0x000000000000049a       0x2d c:/st/stm32cubeide_1.4.0/stm32cubeide/plugins/com.st.stm32cube.ide.mcu.externaltools.gnu-tools-for-stm32.7-2018-q2-update.win32_1.5.0.202011040924/tools/bin/../lib/gcc/arm-none-eabi/7.3.1/../../../../arm-none-eabi/lib/thumb/v7-m\libc_nano.a(lib_a-errno.o)
 .ARM.attributes
                0x00000000000004c7       0x2d c:/st/stm32cubeide_1.4.0/stm32cubeide/plugins/com.st.stm32cube.ide.mcu.externaltools.gnu-tools-for-stm32.7-2018-q2-update.win32_1.5.0.202011040924/tools/bin/../lib/gcc/arm-none-eabi/7.3.1/../../../../arm-none-eabi/lib/thumb/v7-m\libc_nano.a(lib_a-impure.o)
 .ARM.attributes
                0x00000000000004f4       0x2d c:/st/stm32cubeide_1.4.0/stm32cubeide/plugins/com.st.stm32cube.ide.mcu.externaltools.gnu-tools-for-stm32.7-2018-q2-update.win32_1.5.0.202011040924/tools/bin/../lib/gcc/arm-none-eabi/7.3.1/../../../../arm-none-eabi/lib/thumb/v7-m\libc_nano.a(lib_a-init.o)
 .ARM.attributes
                0x0000000000000521       0x2d c:/st/stm32cubeide_1.4.0/stm32cubeide/plugins/com.st.stm32cube.ide.mcu.externaltools.gnu-tools-for-stm32.7-2018-q2-update.win32_1.5.0.202011040924/tools/bin/../lib/gcc/arm-none-eabi/7.3.1/../../../../arm-none-eabi/lib/thumb/v7-m\libc_nano.a(lib_a-malloc.o)
 .ARM.attributes
                0x000000000000054e       0x2d c:/st/stm32cubeide_1.4.0/stm32cubeide/plugins/com.st.stm32cube.ide.mcu.externaltools.gnu-tools-for-stm32.7-2018-q2-update.win32_1.5.0.202011040924/tools/bin/../lib/gcc/arm-none-eabi/7.3.1/../../../../arm-none-eabi/lib/thumb/v7-m\libc_nano.a(lib_a-memset.o)
 .ARM.attributes
                0x000000000000057b       0x2d c:/st/stm32cubeide_1.4.0/stm32cubeide/plugins/com.st.stm32cube.ide.mcu.externaltools.gnu-tools-for-stm32.7-2018-q2-update.win32_1.5.0.202011040924/tools/bin/../lib/gcc/arm-none-eabi/7.3.1/../../../../arm-none-eabi/lib/thumb/v7-m\libc_nano.a(lib_a-nano-freer.o)
 .ARM.attributes
                0x00000000000005a8       0x2d c:/st/stm32cubeide_1.4.0/stm32cubeide/plugins/com.st.stm32cube.ide.mcu.externaltools.gnu-tools-for-stm32.7-2018-q2-update.win32_1.5.0.202011040924/tools/bin/../lib/gcc/arm-none-eabi/7.3.1/../../../../arm-none-eabi/lib/thumb/v7-m\libc_nano.a(lib_a-nano-mallocr.o)
 .ARM.attributes
                0x00000000000005d5       0x2d c:/st/stm32cubeide_1.4.0/stm32cubeide/plugins/com.st.stm32cube.ide.mcu.externaltools.gnu-tools-for-stm32.7-2018-q2-update.win32_1.5.0.202011040924/tools/bin/../lib/gcc/arm-none-eabi/7.3.1/../../../../arm-none-eabi/lib/thumb/v7-m\libc_nano.a(lib_a-sbrkr.o)
 .ARM.attributes
                0x0000000000000602       0x2d c:/st/stm32cubeide_1.4.0/stm32cubeide/plugins/com.st.stm32cube.ide.mcu.externaltools.gnu-tools-for-stm32.7-2018-q2-update.win32_1.5.0.202011040924/tools/bin/../lib/gcc/arm-none-eabi/7.3.1/../../../../arm-none-eabi/lib/thumb/v7-m\libc_nano.a(lib_a-mlock.o)
 .ARM.attributes
                0x000000000000062f       0x2d c:/st/stm32cubeide_1.4.0/stm32cubeide/plugins/com.st.stm32cube.ide.mcu.externaltools.gnu-tools-for-stm32.7-2018-q2-update.win32_1.5.0.202011040924/tools/bin/../lib/gcc/arm-none-eabi/7.3.1/../../../../arm-none-eabi/lib/thumb/v7-m\libc_nano.a(lib_a-reent.o)
 .ARM.attributes
                0x000000000000065c       0x1d c:/st/stm32cubeide_1.4.0/stm32cubeide/plugins/com.st.stm32cube.ide.mcu.externaltools.gnu-tools-for-stm32.7-2018-q2-update.win32_1.5.0.202011040924/tools/bin/../lib/gcc/arm-none-eabi/7.3.1/thumb/v7-m/crtn.o
OUTPUT(LAB5.elf elf32-littlearm)

.debug_info     0x0000000000000000    0x12996
 .debug_info    0x0000000000000000     0x1194 Core/Src/DHT11.o
 .debug_info    0x0000000000001194      0x4cf Core/Src/button.o
 .debug_info    0x0000000000001663      0xc09 Core/Src/fan.o
 .debug_info    0x000000000000226c      0xb12 Core/Src/heator.o
 .debug_info    0x0000000000002d7e      0xac8 Core/Src/heatpump.o
 .debug_info    0x0000000000003846      0x78e Core/Src/i2c-lcd.o
 .debug_info    0x0000000000003fd4     0x1cfb Core/Src/main.o
 .debug_info    0x0000000000005ccf      0xb75 Core/Src/scheduler.o
 .debug_info    0x0000000000006844     0x1018 Core/Src/stm32f1xx_hal_msp.o
 .debug_info    0x000000000000785c      0x96b Core/Src/stm32f1xx_it.o
 .debug_info    0x00000000000081c7      0x985 Core/Src/sysmem.o
 .debug_info    0x0000000000008b4c      0x29a Core/Src/system_stm32f1xx.o
 .debug_info    0x0000000000008de6       0x22 Core/Startup/startup_stm32f103rbtx.o
 .debug_info    0x0000000000008e08      0x714 Drivers/STM32F1xx_HAL_Driver/Src/stm32f1xx_hal.o
 .debug_info    0x000000000000951c      0xb51 Drivers/STM32F1xx_HAL_Driver/Src/stm32f1xx_hal_cortex.o
 .debug_info    0x000000000000a06d      0x7b1 Drivers/STM32F1xx_HAL_Driver/Src/stm32f1xx_hal_dma.o
 .debug_info    0x000000000000a81e      0x69b Drivers/STM32F1xx_HAL_Driver/Src/stm32f1xx_hal_gpio.o
 .debug_info    0x000000000000aeb9     0x2555 Drivers/STM32F1xx_HAL_Driver/Src/stm32f1xx_hal_i2c.o
 .debug_info    0x000000000000d40e      0x80f Drivers/STM32F1xx_HAL_Driver/Src/stm32f1xx_hal_rcc.o
 .debug_info    0x000000000000dc1d     0x27ef Drivers/STM32F1xx_HAL_Driver/Src/stm32f1xx_hal_tim.o
 .debug_info    0x000000000001040c     0x136f Drivers/STM32F1xx_HAL_Driver/Src/stm32f1xx_hal_tim_ex.o
 .debug_info    0x000000000001177b     0x121b Drivers/STM32F1xx_HAL_Driver/Src/stm32f1xx_hal_uart.o

.debug_abbrev   0x0000000000000000     0x29fe
 .debug_abbrev  0x0000000000000000      0x227 Core/Src/DHT11.o
 .debug_abbrev  0x0000000000000227      0x14c Core/Src/button.o
 .debug_abbrev  0x0000000000000373      0x223 Core/Src/fan.o
 .debug_abbrev  0x0000000000000596      0x207 Core/Src/heator.o
 .debug_abbrev  0x000000000000079d      0x1de Core/Src/heatpump.o
 .debug_abbrev  0x000000000000097b      0x1a8 Core/Src/i2c-lcd.o
 .debug_abbrev  0x0000000000000b23      0x323 Core/Src/main.o
 .debug_abbrev  0x0000000000000e46      0x211 Core/Src/scheduler.o
 .debug_abbrev  0x0000000000001057      0x1cf Core/Src/stm32f1xx_hal_msp.o
 .debug_abbrev  0x0000000000001226      0x15a Core/Src/stm32f1xx_it.o
 .debug_abbrev  0x0000000000001380      0x19b Core/Src/sysmem.o
 .debug_abbrev  0x000000000000151b      0x134 Core/Src/system_stm32f1xx.o
 .debug_abbrev  0x000000000000164f       0x12 Core/Startup/startup_stm32f103rbtx.o
 .debug_abbrev  0x0000000000001661      0x1c7 Drivers/STM32F1xx_HAL_Driver/Src/stm32f1xx_hal.o
 .debug_abbrev  0x0000000000001828      0x2d5 Drivers/STM32F1xx_HAL_Driver/Src/stm32f1xx_hal_cortex.o
 .debug_abbrev  0x0000000000001afd      0x1fe Drivers/STM32F1xx_HAL_Driver/Src/stm32f1xx_hal_dma.o
 .debug_abbrev  0x0000000000001cfb      0x1c0 Drivers/STM32F1xx_HAL_Driver/Src/stm32f1xx_hal_gpio.o
 .debug_abbrev  0x0000000000001ebb      0x258 Drivers/STM32F1xx_HAL_Driver/Src/stm32f1xx_hal_i2c.o
 .debug_abbrev  0x0000000000002113      0x243 Drivers/STM32F1xx_HAL_Driver/Src/stm32f1xx_hal_rcc.o
 .debug_abbrev  0x0000000000002356      0x230 Drivers/STM32F1xx_HAL_Driver/Src/stm32f1xx_hal_tim.o
 .debug_abbrev  0x0000000000002586      0x236 Drivers/STM32F1xx_HAL_Driver/Src/stm32f1xx_hal_tim_ex.o
 .debug_abbrev  0x00000000000027bc      0x242 Drivers/STM32F1xx_HAL_Driver/Src/stm32f1xx_hal_uart.o

.debug_aranges  0x0000000000000000     0x1118
 .debug_aranges
                0x0000000000000000       0x48 Core/Src/DHT11.o
 .debug_aranges
                0x0000000000000048       0x58 Core/Src/button.o
 .debug_aranges
                0x00000000000000a0       0x58 Core/Src/fan.o
 .debug_aranges
                0x00000000000000f8       0x38 Core/Src/heator.o
 .debug_aranges
                0x0000000000000130       0x28 Core/Src/heatpump.o
 .debug_aranges
                0x0000000000000158       0x50 Core/Src/i2c-lcd.o
 .debug_aranges
                0x00000000000001a8      0x100 Core/Src/main.o
 .debug_aranges
                0x00000000000002a8       0x50 Core/Src/scheduler.o
 .debug_aranges
                0x00000000000002f8       0x50 Core/Src/stm32f1xx_hal_msp.o
 .debug_aranges
                0x0000000000000348       0x70 Core/Src/stm32f1xx_it.o
 .debug_aranges
                0x00000000000003b8       0x20 Core/Src/sysmem.o
 .debug_aranges
                0x00000000000003d8       0x28 Core/Src/system_stm32f1xx.o
 .debug_aranges
                0x0000000000000400       0x28 Core/Startup/startup_stm32f103rbtx.o
 .debug_aranges
                0x0000000000000428       0xe0 Drivers/STM32F1xx_HAL_Driver/Src/stm32f1xx_hal.o
 .debug_aranges
                0x0000000000000508      0x100 Drivers/STM32F1xx_HAL_Driver/Src/stm32f1xx_hal_cortex.o
 .debug_aranges
                0x0000000000000608       0x80 Drivers/STM32F1xx_HAL_Driver/Src/stm32f1xx_hal_dma.o
 .debug_aranges
                0x0000000000000688       0x58 Drivers/STM32F1xx_HAL_Driver/Src/stm32f1xx_hal_gpio.o
 .debug_aranges
                0x00000000000006e0      0x2a0 Drivers/STM32F1xx_HAL_Driver/Src/stm32f1xx_hal_i2c.o
 .debug_aranges
                0x0000000000000980       0x90 Drivers/STM32F1xx_HAL_Driver/Src/stm32f1xx_hal_rcc.o
 .debug_aranges
                0x0000000000000a10      0x3d0 Drivers/STM32F1xx_HAL_Driver/Src/stm32f1xx_hal_tim.o
 .debug_aranges
                0x0000000000000de0      0x168 Drivers/STM32F1xx_HAL_Driver/Src/stm32f1xx_hal_tim_ex.o
 .debug_aranges
                0x0000000000000f48      0x1d0 Drivers/STM32F1xx_HAL_Driver/Src/stm32f1xx_hal_uart.o

.debug_ranges   0x0000000000000000      0xfe8
 .debug_ranges  0x0000000000000000       0x38 Core/Src/DHT11.o
 .debug_ranges  0x0000000000000038       0x48 Core/Src/button.o
 .debug_ranges  0x0000000000000080       0x48 Core/Src/fan.o
 .debug_ranges  0x00000000000000c8       0x28 Core/Src/heator.o
 .debug_ranges  0x00000000000000f0       0x18 Core/Src/heatpump.o
 .debug_ranges  0x0000000000000108       0x40 Core/Src/i2c-lcd.o
 .debug_ranges  0x0000000000000148       0xf0 Core/Src/main.o
 .debug_ranges  0x0000000000000238       0x40 Core/Src/scheduler.o
 .debug_ranges  0x0000000000000278       0x40 Core/Src/stm32f1xx_hal_msp.o
 .debug_ranges  0x00000000000002b8       0x60 Core/Src/stm32f1xx_it.o
 .debug_ranges  0x0000000000000318       0x10 Core/Src/sysmem.o
 .debug_ranges  0x0000000000000328       0x18 Core/Src/system_stm32f1xx.o
 .debug_ranges  0x0000000000000340       0x20 Core/Startup/startup_stm32f103rbtx.o
 .debug_ranges  0x0000000000000360       0xd0 Drivers/STM32F1xx_HAL_Driver/Src/stm32f1xx_hal.o
 .debug_ranges  0x0000000000000430       0xf0 Drivers/STM32F1xx_HAL_Driver/Src/stm32f1xx_hal_cortex.o
 .debug_ranges  0x0000000000000520       0x70 Drivers/STM32F1xx_HAL_Driver/Src/stm32f1xx_hal_dma.o
 .debug_ranges  0x0000000000000590       0x48 Drivers/STM32F1xx_HAL_Driver/Src/stm32f1xx_hal_gpio.o
 .debug_ranges  0x00000000000005d8      0x2b8 Drivers/STM32F1xx_HAL_Driver/Src/stm32f1xx_hal_i2c.o
 .debug_ranges  0x0000000000000890       0x80 Drivers/STM32F1xx_HAL_Driver/Src/stm32f1xx_hal_rcc.o
 .debug_ranges  0x0000000000000910      0x3c0 Drivers/STM32F1xx_HAL_Driver/Src/stm32f1xx_hal_tim.o
 .debug_ranges  0x0000000000000cd0      0x158 Drivers/STM32F1xx_HAL_Driver/Src/stm32f1xx_hal_tim_ex.o
 .debug_ranges  0x0000000000000e28      0x1c0 Drivers/STM32F1xx_HAL_Driver/Src/stm32f1xx_hal_uart.o

.debug_macro    0x0000000000000000    0x190c3
 .debug_macro   0x0000000000000000      0x275 Core/Src/DHT11.o
 .debug_macro   0x0000000000000275      0xa5a Core/Src/DHT11.o
 .debug_macro   0x0000000000000ccf      0x221 Core/Src/DHT11.o
 .debug_macro   0x0000000000000ef0       0x2e Core/Src/DHT11.o
 .debug_macro   0x0000000000000f1e       0x22 Core/Src/DHT11.o
 .debug_macro   0x0000000000000f40       0x22 Core/Src/DHT11.o
 .debug_macro   0x0000000000000f62       0x8e Core/Src/DHT11.o
 .debug_macro   0x0000000000000ff0       0x51 Core/Src/DHT11.o
 .debug_macro   0x0000000000001041       0xef Core/Src/DHT11.o
 .debug_macro   0x0000000000001130       0x6a Core/Src/DHT11.o
 .debug_macro   0x000000000000119a      0x1df Core/Src/DHT11.o
 .debug_macro   0x0000000000001379       0x1c Core/Src/DHT11.o
 .debug_macro   0x0000000000001395       0x22 Core/Src/DHT11.o
 .debug_macro   0x00000000000013b7       0xc3 Core/Src/DHT11.o
 .debug_macro   0x000000000000147a      0xd23 Core/Src/DHT11.o
 .debug_macro   0x000000000000219d     0xe097 Core/Src/DHT11.o
 .debug_macro   0x0000000000010234       0x43 Core/Src/DHT11.o
 .debug_macro   0x0000000000010277     0x3468 Core/Src/DHT11.o
 .debug_macro   0x00000000000136df      0x174 Core/Src/DHT11.o
 .debug_macro   0x0000000000013853       0x5c Core/Src/DHT11.o
 .debug_macro   0x00000000000138af      0x5be Core/Src/DHT11.o
 .debug_macro   0x0000000000013e6d      0x289 Core/Src/DHT11.o
 .debug_macro   0x00000000000140f6      0x1cb Core/Src/DHT11.o
 .debug_macro   0x00000000000142c1      0x114 Core/Src/DHT11.o
 .debug_macro   0x00000000000143d5      0x1b2 Core/Src/DHT11.o
 .debug_macro   0x0000000000014587       0x27 Core/Src/DHT11.o
 .debug_macro   0x00000000000145ae      0x136 Core/Src/DHT11.o
 .debug_macro   0x00000000000146e4      0x1bc Core/Src/DHT11.o
 .debug_macro   0x00000000000148a0       0x34 Core/Src/DHT11.o
 .debug_macro   0x00000000000148d4       0x3c Core/Src/DHT11.o
 .debug_macro   0x0000000000014910       0x57 Core/Src/DHT11.o
 .debug_macro   0x0000000000014967       0x88 Core/Src/DHT11.o
 .debug_macro   0x00000000000149ef      0x241 Core/Src/DHT11.o
 .debug_macro   0x0000000000014c30      0x287 Core/Src/DHT11.o
 .debug_macro   0x0000000000014eb7      0x141 Core/Src/DHT11.o
 .debug_macro   0x0000000000014ff8      0x8d1 Core/Src/DHT11.o
 .debug_macro   0x00000000000158c9      0x26b Core/Src/DHT11.o
 .debug_macro   0x0000000000015b34       0x83 Core/Src/DHT11.o
 .debug_macro   0x0000000000015bb7       0x10 Core/Src/DHT11.o
 .debug_macro   0x0000000000015bc7       0x18 Core/Src/DHT11.o
 .debug_macro   0x0000000000015bdf       0x46 Core/Src/DHT11.o
 .debug_macro   0x0000000000015c25       0x3c Core/Src/DHT11.o
 .debug_macro   0x0000000000015c61       0x34 Core/Src/DHT11.o
 .debug_macro   0x0000000000015c95       0x16 Core/Src/DHT11.o
 .debug_macro   0x0000000000015cab       0x35 Core/Src/DHT11.o
 .debug_macro   0x0000000000015ce0       0x52 Core/Src/DHT11.o
 .debug_macro   0x0000000000015d32       0x1f Core/Src/DHT11.o
 .debug_macro   0x0000000000015d51       0x43 Core/Src/DHT11.o
 .debug_macro   0x0000000000015d94       0x20 Core/Src/DHT11.o
 .debug_macro   0x0000000000015db4      0x1a3 Core/Src/DHT11.o
 .debug_macro   0x0000000000015f57      0x32a Core/Src/DHT11.o
 .debug_macro   0x0000000000016281       0x16 Core/Src/DHT11.o
 .debug_macro   0x0000000000016297       0x29 Core/Src/DHT11.o
 .debug_macro   0x00000000000162c0      0x1b6 Core/Src/button.o
 .debug_macro   0x0000000000016476       0x52 Core/Src/button.o
 .debug_macro   0x00000000000164c8      0x275 Core/Src/fan.o
 .debug_macro   0x000000000001673d       0x28 Core/Src/fan.o
 .debug_macro   0x0000000000016765      0x275 Core/Src/heator.o
 .debug_macro   0x00000000000169da       0x10 Core/Src/heator.o
 .debug_macro   0x00000000000169ea      0x275 Core/Src/heatpump.o
 .debug_macro   0x0000000000016c5f       0x10 Core/Src/heatpump.o
 .debug_macro   0x0000000000016c6f      0x1b7 Core/Src/i2c-lcd.o
 .debug_macro   0x0000000000016e26      0x389 Core/Src/main.o
 .debug_macro   0x00000000000171af       0x58 Core/Src/main.o
 .debug_macro   0x0000000000017207       0x16 Core/Src/main.o
 .debug_macro   0x000000000001721d       0x10 Core/Src/main.o
 .debug_macro   0x000000000001722d       0x10 Core/Src/main.o
 .debug_macro   0x000000000001723d       0x1c Core/Src/main.o
 .debug_macro   0x0000000000017259       0x52 Core/Src/main.o
 .debug_macro   0x00000000000172ab       0x40 Core/Src/main.o
 .debug_macro   0x00000000000172eb       0x10 Core/Src/main.o
 .debug_macro   0x00000000000172fb       0x40 Core/Src/main.o
 .debug_macro   0x000000000001733b       0xd7 Core/Src/main.o
 .debug_macro   0x0000000000017412       0x1c Core/Src/main.o
 .debug_macro   0x000000000001742e       0x3d Core/Src/main.o
 .debug_macro   0x000000000001746b       0x16 Core/Src/main.o
 .debug_macro   0x0000000000017481      0x145 Core/Src/main.o
 .debug_macro   0x00000000000175c6       0x16 Core/Src/main.o
 .debug_macro   0x00000000000175dc       0x20 Core/Src/main.o
 .debug_macro   0x00000000000175fc      0x270 Core/Src/scheduler.o
 .debug_macro   0x000000000001786c      0x1bc Core/Src/stm32f1xx_hal_msp.o
 .debug_macro   0x0000000000017a28      0x1c6 Core/Src/stm32f1xx_it.o
 .debug_macro   0x0000000000017bee       0xee Core/Src/sysmem.o
 .debug_macro   0x0000000000017cdc      0x23b Core/Src/sysmem.o
 .debug_macro   0x0000000000017f17      0x1ad Core/Src/system_stm32f1xx.o
 .debug_macro   0x00000000000180c4      0x1d1 Drivers/STM32F1xx_HAL_Driver/Src/stm32f1xx_hal.o
 .debug_macro   0x0000000000018295      0x1ad Drivers/STM32F1xx_HAL_Driver/Src/stm32f1xx_hal_cortex.o
 .debug_macro   0x0000000000018442      0x1ad Drivers/STM32F1xx_HAL_Driver/Src/stm32f1xx_hal_dma.o
 .debug_macro   0x00000000000185ef      0x218 Drivers/STM32F1xx_HAL_Driver/Src/stm32f1xx_hal_gpio.o
 .debug_macro   0x0000000000018807      0x1f4 Drivers/STM32F1xx_HAL_Driver/Src/stm32f1xx_hal_i2c.o
 .debug_macro   0x00000000000189fb      0x1bf Drivers/STM32F1xx_HAL_Driver/Src/stm32f1xx_hal_rcc.o
 .debug_macro   0x0000000000018bba      0x1ae Drivers/STM32F1xx_HAL_Driver/Src/stm32f1xx_hal_tim.o
 .debug_macro   0x0000000000018d68      0x1ad Drivers/STM32F1xx_HAL_Driver/Src/stm32f1xx_hal_tim_ex.o
 .debug_macro   0x0000000000018f15      0x1ae Drivers/STM32F1xx_HAL_Driver/Src/stm32f1xx_hal_uart.o

.debug_line     0x0000000000000000     0xeb1b
 .debug_line    0x0000000000000000      0x873 Core/Src/DHT11.o
 .debug_line    0x0000000000000873      0x77b Core/Src/button.o
 .debug_line    0x0000000000000fee      0x892 Core/Src/fan.o
 .debug_line    0x0000000000001880      0x816 Core/Src/heator.o
 .debug_line    0x0000000000002096      0x7f8 Core/Src/heatpump.o
 .debug_line    0x000000000000288e      0x73e Core/Src/i2c-lcd.o
 .debug_line    0x0000000000002fcc      0xbf6 Core/Src/main.o
 .debug_line    0x0000000000003bc2      0x891 Core/Src/scheduler.o
 .debug_line    0x0000000000004453      0x724 Core/Src/stm32f1xx_hal_msp.o
 .debug_line    0x0000000000004b77      0x756 Core/Src/stm32f1xx_it.o
 .debug_line    0x00000000000052cd      0x4c7 Core/Src/sysmem.o
 .debug_line    0x0000000000005794      0x6b6 Core/Src/system_stm32f1xx.o
 .debug_line    0x0000000000005e4a       0x84 Core/Startup/startup_stm32f103rbtx.o
 .debug_line    0x0000000000005ece      0x869 Drivers/STM32F1xx_HAL_Driver/Src/stm32f1xx_hal.o
 .debug_line    0x0000000000006737      0x940 Drivers/STM32F1xx_HAL_Driver/Src/stm32f1xx_hal_cortex.o
 .debug_line    0x0000000000007077      0xace Drivers/STM32F1xx_HAL_Driver/Src/stm32f1xx_hal_dma.o
 .debug_line    0x0000000000007b45      0x865 Drivers/STM32F1xx_HAL_Driver/Src/stm32f1xx_hal_gpio.o
 .debug_line    0x00000000000083aa     0x1c0f Drivers/STM32F1xx_HAL_Driver/Src/stm32f1xx_hal_i2c.o
 .debug_line    0x0000000000009fb9      0x929 Drivers/STM32F1xx_HAL_Driver/Src/stm32f1xx_hal_rcc.o
 .debug_line    0x000000000000a8e2     0x1fc2 Drivers/STM32F1xx_HAL_Driver/Src/stm32f1xx_hal_tim.o
 .debug_line    0x000000000000c8a4     0x12d0 Drivers/STM32F1xx_HAL_Driver/Src/stm32f1xx_hal_tim_ex.o
 .debug_line    0x000000000000db74      0xfa7 Drivers/STM32F1xx_HAL_Driver/Src/stm32f1xx_hal_uart.o

.debug_str      0x0000000000000000    0x8d58e
 .debug_str     0x0000000000000000    0x87898 Core/Src/DHT11.o
                                      0x87d26 (size before relaxing)
 .debug_str     0x0000000000087898      0x33e Core/Src/button.o
                                      0x84a80 (size before relaxing)
 .debug_str     0x0000000000087bd6       0xf8 Core/Src/fan.o
                                      0x8787f (size before relaxing)
 .debug_str     0x0000000000087cce       0x8c Core/Src/heator.o
                                      0x87816 (size before relaxing)
 .debug_str     0x0000000000087d5a       0x63 Core/Src/heatpump.o
                                      0x877e1 (size before relaxing)
 .debug_str     0x0000000000087dbd      0x2d1 Core/Src/i2c-lcd.o
                                      0x84c07 (size before relaxing)
 .debug_str     0x000000000008808e     0x19f6 Core/Src/main.o
                                      0x89a49 (size before relaxing)
 .debug_str     0x0000000000089a84       0xe4 Core/Src/scheduler.o
                                      0x877ea (size before relaxing)
 .debug_str     0x0000000000089b68      0x33f Core/Src/stm32f1xx_hal_msp.o
                                      0x85553 (size before relaxing)
 .debug_str     0x0000000000089ea7       0xdf Core/Src/stm32f1xx_it.o
                                      0x84f8f (size before relaxing)
 .debug_str     0x0000000000089f86      0x4e9 Core/Src/sysmem.o
                                       0x5f2b (size before relaxing)
 .debug_str     0x000000000008a46f       0x52 Core/Src/system_stm32f1xx.o
                                      0x84792 (size before relaxing)
 .debug_str     0x000000000008a4c1       0x36 Core/Startup/startup_stm32f103rbtx.o
                                         0x5b (size before relaxing)
 .debug_str     0x000000000008a4f7      0x2f2 Drivers/STM32F1xx_HAL_Driver/Src/stm32f1xx_hal.o
                                      0x84e23 (size before relaxing)
 .debug_str     0x000000000008a7e9      0x300 Drivers/STM32F1xx_HAL_Driver/Src/stm32f1xx_hal_cortex.o
                                      0x84e2b (size before relaxing)
 .debug_str     0x000000000008aae9      0x230 Drivers/STM32F1xx_HAL_Driver/Src/stm32f1xx_hal_dma.o
                                      0x84b6d (size before relaxing)
 .debug_str     0x000000000008ad19      0x302 Drivers/STM32F1xx_HAL_Driver/Src/stm32f1xx_hal_gpio.o
                                      0x84b56 (size before relaxing)
 .debug_str     0x000000000008b01b      0xb55 Drivers/STM32F1xx_HAL_Driver/Src/stm32f1xx_hal_i2c.o
                                      0x857ce (size before relaxing)
 .debug_str     0x000000000008bb70      0x244 Drivers/STM32F1xx_HAL_Driver/Src/stm32f1xx_hal_rcc.o
                                      0x84b8f (size before relaxing)
 .debug_str     0x000000000008bdb4      0xdbd Drivers/STM32F1xx_HAL_Driver/Src/stm32f1xx_hal_tim.o
                                      0x85b61 (size before relaxing)
 .debug_str     0x000000000008cb71      0x517 Drivers/STM32F1xx_HAL_Driver/Src/stm32f1xx_hal_tim_ex.o
                                      0x8533b (size before relaxing)
 .debug_str     0x000000000008d088      0x506 Drivers/STM32F1xx_HAL_Driver/Src/stm32f1xx_hal_uart.o
                                      0x85095 (size before relaxing)

.comment        0x0000000000000000       0x7b
 .comment       0x0000000000000000       0x7b Core/Src/DHT11.o
                                         0x7c (size before relaxing)
 .comment       0x000000000000007b       0x7c Core/Src/button.o
 .comment       0x000000000000007b       0x7c Core/Src/fan.o
 .comment       0x000000000000007b       0x7c Core/Src/heator.o
 .comment       0x000000000000007b       0x7c Core/Src/heatpump.o
 .comment       0x000000000000007b       0x7c Core/Src/i2c-lcd.o
 .comment       0x000000000000007b       0x7c Core/Src/main.o
 .comment       0x000000000000007b       0x7c Core/Src/scheduler.o
 .comment       0x000000000000007b       0x7c Core/Src/stm32f1xx_hal_msp.o
 .comment       0x000000000000007b       0x7c Core/Src/stm32f1xx_it.o
 .comment       0x000000000000007b       0x7c Core/Src/sysmem.o
 .comment       0x000000000000007b       0x7c Core/Src/system_stm32f1xx.o
 .comment       0x000000000000007b       0x7c Drivers/STM32F1xx_HAL_Driver/Src/stm32f1xx_hal.o
 .comment       0x000000000000007b       0x7c Drivers/STM32F1xx_HAL_Driver/Src/stm32f1xx_hal_cortex.o
 .comment       0x000000000000007b       0x7c Drivers/STM32F1xx_HAL_Driver/Src/stm32f1xx_hal_dma.o
 .comment       0x000000000000007b       0x7c Drivers/STM32F1xx_HAL_Driver/Src/stm32f1xx_hal_gpio.o
 .comment       0x000000000000007b       0x7c Drivers/STM32F1xx_HAL_Driver/Src/stm32f1xx_hal_i2c.o
 .comment       0x000000000000007b       0x7c Drivers/STM32F1xx_HAL_Driver/Src/stm32f1xx_hal_rcc.o
 .comment       0x000000000000007b       0x7c Drivers/STM32F1xx_HAL_Driver/Src/stm32f1xx_hal_tim.o
 .comment       0x000000000000007b       0x7c Drivers/STM32F1xx_HAL_Driver/Src/stm32f1xx_hal_tim_ex.o
 .comment       0x000000000000007b       0x7c Drivers/STM32F1xx_HAL_Driver/Src/stm32f1xx_hal_uart.o

.debug_frame    0x0000000000000000     0x47cc
 .debug_frame   0x0000000000000000       0xec Core/Src/DHT11.o
 .debug_frame   0x00000000000000ec      0x110 Core/Src/button.o
 .debug_frame   0x00000000000001fc      0x12c Core/Src/fan.o
 .debug_frame   0x0000000000000328       0xa0 Core/Src/heator.o
 .debug_frame   0x00000000000003c8       0x58 Core/Src/heatpump.o
 .debug_frame   0x0000000000000420      0x104 Core/Src/i2c-lcd.o
 .debug_frame   0x0000000000000524      0x3d4 Core/Src/main.o
 .debug_frame   0x00000000000008f8       0xf8 Core/Src/scheduler.o
 .debug_frame   0x00000000000009f0      0x110 Core/Src/stm32f1xx_hal_msp.o
 .debug_frame   0x0000000000000b00      0x144 Core/Src/stm32f1xx_it.o
 .debug_frame   0x0000000000000c44       0x34 Core/Src/sysmem.o
 .debug_frame   0x0000000000000c78       0x58 Core/Src/system_stm32f1xx.o
 .debug_frame   0x0000000000000cd0      0x334 Drivers/STM32F1xx_HAL_Driver/Src/stm32f1xx_hal.o
 .debug_frame   0x0000000000001004      0x428 Drivers/STM32F1xx_HAL_Driver/Src/stm32f1xx_hal_cortex.o
 .debug_frame   0x000000000000142c      0x208 Drivers/STM32F1xx_HAL_Driver/Src/stm32f1xx_hal_dma.o
 .debug_frame   0x0000000000001634      0x14c Drivers/STM32F1xx_HAL_Driver/Src/stm32f1xx_hal_gpio.o
 .debug_frame   0x0000000000001780      0xc54 Drivers/STM32F1xx_HAL_Driver/Src/stm32f1xx_hal_i2c.o
 .debug_frame   0x00000000000023d4      0x21c Drivers/STM32F1xx_HAL_Driver/Src/stm32f1xx_hal_rcc.o
 .debug_frame   0x00000000000025f0     0x11b8 Drivers/STM32F1xx_HAL_Driver/Src/stm32f1xx_hal_tim.o
 .debug_frame   0x00000000000037a8      0x638 Drivers/STM32F1xx_HAL_Driver/Src/stm32f1xx_hal_tim_ex.o
 .debug_frame   0x0000000000003de0      0x834 Drivers/STM32F1xx_HAL_Driver/Src/stm32f1xx_hal_uart.o
 .debug_frame   0x0000000000004614       0x20 c:/st/stm32cubeide_1.4.0/stm32cubeide/plugins/com.st.stm32cube.ide.mcu.externaltools.gnu-tools-for-stm32.7-2018-q2-update.win32_1.5.0.202011040924/tools/bin/../lib/gcc/arm-none-eabi/7.3.1/../../../../arm-none-eabi/lib/thumb/v7-m\libc_nano.a(lib_a-errno.o)
 .debug_frame   0x0000000000004634       0x2c c:/st/stm32cubeide_1.4.0/stm32cubeide/plugins/com.st.stm32cube.ide.mcu.externaltools.gnu-tools-for-stm32.7-2018-q2-update.win32_1.5.0.202011040924/tools/bin/../lib/gcc/arm-none-eabi/7.3.1/../../../../arm-none-eabi/lib/thumb/v7-m\libc_nano.a(lib_a-init.o)
 .debug_frame   0x0000000000004660       0x30 c:/st/stm32cubeide_1.4.0/stm32cubeide/plugins/com.st.stm32cube.ide.mcu.externaltools.gnu-tools-for-stm32.7-2018-q2-update.win32_1.5.0.202011040924/tools/bin/../lib/gcc/arm-none-eabi/7.3.1/../../../../arm-none-eabi/lib/thumb/v7-m\libc_nano.a(lib_a-malloc.o)
 .debug_frame   0x0000000000004690       0x20 c:/st/stm32cubeide_1.4.0/stm32cubeide/plugins/com.st.stm32cube.ide.mcu.externaltools.gnu-tools-for-stm32.7-2018-q2-update.win32_1.5.0.202011040924/tools/bin/../lib/gcc/arm-none-eabi/7.3.1/../../../../arm-none-eabi/lib/thumb/v7-m\libc_nano.a(lib_a-memset.o)
 .debug_frame   0x00000000000046b0       0x38 c:/st/stm32cubeide_1.4.0/stm32cubeide/plugins/com.st.stm32cube.ide.mcu.externaltools.gnu-tools-for-stm32.7-2018-q2-update.win32_1.5.0.202011040924/tools/bin/../lib/gcc/arm-none-eabi/7.3.1/../../../../arm-none-eabi/lib/thumb/v7-m\libc_nano.a(lib_a-nano-freer.o)
 .debug_frame   0x00000000000046e8       0x2c c:/st/stm32cubeide_1.4.0/stm32cubeide/plugins/com.st.stm32cube.ide.mcu.externaltools.gnu-tools-for-stm32.7-2018-q2-update.win32_1.5.0.202011040924/tools/bin/../lib/gcc/arm-none-eabi/7.3.1/../../../../arm-none-eabi/lib/thumb/v7-m\libc_nano.a(lib_a-nano-mallocr.o)
 .debug_frame   0x0000000000004714       0x2c c:/st/stm32cubeide_1.4.0/stm32cubeide/plugins/com.st.stm32cube.ide.mcu.externaltools.gnu-tools-for-stm32.7-2018-q2-update.win32_1.5.0.202011040924/tools/bin/../lib/gcc/arm-none-eabi/7.3.1/../../../../arm-none-eabi/lib/thumb/v7-m\libc_nano.a(lib_a-sbrkr.o)
 .debug_frame   0x0000000000004740       0x30 c:/st/stm32cubeide_1.4.0/stm32cubeide/plugins/com.st.stm32cube.ide.mcu.externaltools.gnu-tools-for-stm32.7-2018-q2-update.win32_1.5.0.202011040924/tools/bin/../lib/gcc/arm-none-eabi/7.3.1/../../../../arm-none-eabi/lib/thumb/v7-m\libc_nano.a(lib_a-mlock.o)
 .debug_frame   0x0000000000004770       0x5c c:/st/stm32cubeide_1.4.0/stm32cubeide/plugins/com.st.stm32cube.ide.mcu.externaltools.gnu-tools-for-stm32.7-2018-q2-update.win32_1.5.0.202011040924/tools/bin/../lib/gcc/arm-none-eabi/7.3.1/../../../../arm-none-eabi/lib/thumb/v7-m\libc_nano.a(lib_a-reent.o)
