main.c:124:6:printValue	72	static
main.c:131:6:printString	72	static
main.c:138:6:getTempAndHumid	8	static
main.c:152:6:displayLCD	16	static
main.c:180:6:displayChangedMaxTemp	24	static
main.c:192:6:displayChangedMaxHum	24	static
main.c:205:6:displayChangedPeriod	24	static
main.c:218:6:displayTemp	24	static
main.c:227:6:displayHumid	24	static
main.c:235:6:displayMode	24	static
main.c:243:6:displayTimeout	8	static
main.c:251:6:checkInformation	80	static
main.c:258:6:heator	8	static
main.c:267:6:heatpump	8	static
main.c:276:6:normalRun	8	static
main.c:305:6:changeMode	16	static
main.c:340:6:changeChoice	16	static
main.c:352:6:decideTempOrHumid	8	static
main.c:365:6:mainFSM	8	static
main.c:400:5:main	8	static
main.c:472:6:SystemClock_Config	72	static
main.c:510:13:MX_I2C1_Init	8	static
main.c:544:13:MX_TIM1_Init	32	static
main.c:590:13:MX_TIM3_Init	32	static
main.c:635:13:MX_USART2_UART_Init	8	static
main.c:668:13:MX_GPIO_Init	40	static
main.c:730:6:HAL_UART_RxCpltCallback	16	static
main.c:736:6:HAL_TIM_PeriodElapsedCallback	16	static
main.c:752:6:Error_Handler	4	static
